[START] device=cuda  run_dir=results/ablation_nokin_20260630-0958
[INIT] eval_sha256=6c20b367522c...
[NOISE] Running independent noise verification...
[NOISE] all_pass=True ✓
[GRID] 35 cells total, 0 already done, 35 to run
  [RUN]  clean | bm3_nokin | seed=0  (1/35)
         → macro_F1=71.71%  (524s)
  [RUN]  clean | bm3_nokin | seed=1  (2/35)
         → macro_F1=76.34%  (489s)
  [RUN]  clean | bm3_nokin | seed=2  (3/35)
         → macro_F1=69.57%  (509s)
  [RUN]  clean | bm3_nokin | seed=3  (4/35)
         → macro_F1=93.75%  (614s)
  [RUN]  clean | bm3_nokin | seed=4  (5/35)
         → macro_F1=84.66%  (631s)
  [RUN]  awgn@+10dB | bm3_nokin | seed=0  (6/35)
         → macro_F1=77.30%  (738s)
  [RUN]  awgn@+10dB | bm3_nokin | seed=1  (7/35)
         → macro_F1=86.53%  (542s)
  [RUN]  awgn@+10dB | bm3_nokin | seed=2  (8/35)
         → macro_F1=84.29%  (505s)
  [RUN]  awgn@+10dB | bm3_nokin | seed=3  (9/35)
         → macro_F1=96.54%  (569s)
  [RUN]  awgn@+10dB | bm3_nokin | seed=4  (10/35)
         → macro_F1=85.75%  (661s)
  [RUN]  awgn@+6dB | bm3_nokin | seed=0  (11/35)
         → macro_F1=75.25%  (644s)
  [RUN]  awgn@+6dB | bm3_nokin | seed=1  (12/35)
         → macro_F1=89.80%  (661s)
  [RUN]  awgn@+6dB | bm3_nokin | seed=2  (13/35)
         → macro_F1=85.12%  (607s)
  [RUN]  awgn@+6dB | bm3_nokin | seed=3  (14/35)
         → macro_F1=97.37%  (594s)
  [RUN]  awgn@+6dB | bm3_nokin | seed=4  (15/35)
         → macro_F1=89.22%  (586s)
  [RUN]  awgn@+0dB | bm3_nokin | seed=0  (16/35)
         → macro_F1=93.40%  (617s)
  [RUN]  awgn@+0dB | bm3_nokin | seed=1  (17/35)
         → macro_F1=95.75%  (591s)
  [RUN]  awgn@+0dB | bm3_nokin | seed=2  (18/35)
         → macro_F1=93.03%  (591s)
  [RUN]  awgn@+0dB | bm3_nokin | seed=3  (19/35)
         → macro_F1=97.76%  (612s)
  [RUN]  awgn@+0dB | bm3_nokin | seed=4  (20/35)
         → macro_F1=96.49%  (600s)
  [RUN]  awgn@-2dB | bm3_nokin | seed=0  (21/35)
         → macro_F1=95.71%  (602s)
  [RUN]  awgn@-2dB | bm3_nokin | seed=1  (22/35)
         → macro_F1=95.38%  (617s)
  [RUN]  awgn@-2dB | bm3_nokin | seed=2  (23/35)
         → macro_F1=93.78%  (604s)
  [RUN]  awgn@-2dB | bm3_nokin | seed=3  (24/35)
         → macro_F1=96.65%  (598s)
  [RUN]  awgn@-2dB | bm3_nokin | seed=4  (25/35)
         → macro_F1=96.11%  (618s)
  [RUN]  awgn@-6dB | bm3_nokin | seed=0  (26/35)
         → macro_F1=88.79%  (598s)
  [RUN]  awgn@-6dB | bm3_nokin | seed=1  (27/35)
         → macro_F1=86.47%  (598s)
  [RUN]  awgn@-6dB | bm3_nokin | seed=2  (28/35)
         → macro_F1=83.95%  (617s)
  [RUN]  awgn@-6dB | bm3_nokin | seed=3  (29/35)
         → macro_F1=89.84%  (603s)
  [RUN]  awgn@-6dB | bm3_nokin | seed=4  (30/35)
         → macro_F1=92.90%  (612s)
  [RUN]  awgn@-10dB | bm3_nokin | seed=0  (31/35)
         → macro_F1=69.40%  (629s)
  [RUN]  awgn@-10dB | bm3_nokin | seed=1  (32/35)
         → macro_F1=61.05%  (618s)
  [RUN]  awgn@-10dB | bm3_nokin | seed=2  (33/35)
         → macro_F1=71.08%  (617s)
  [RUN]  awgn@-10dB | bm3_nokin | seed=3  (34/35)
         → macro_F1=71.01%  (652s)
  [RUN]  awgn@-10dB | bm3_nokin | seed=4  (35/35)
         → macro_F1=70.93%  (612s)
[DONE] cells.jsonl written (35 cells)

[COMPLETE] Results in results/ablation_nokin_20260630-0958/
