[START] device=cuda  run_dir=results/capctrl_s4dwide_20260701-2237
[INIT] eval_sha256=6c20b367522c...
[NOISE] Running independent noise verification...
[NOISE] all_pass=True ✓
[GRID] 35 cells total, 0 already done, 35 to run
  [RUN]  clean | s4d_wide | seed=0  (1/35)
         → macro_F1=75.22%  (299s)
  [RUN]  clean | s4d_wide | seed=1  (2/35)
         → macro_F1=84.10%  (418s)
  [RUN]  clean | s4d_wide | seed=2  (3/35)
         → macro_F1=83.60%  (459s)
  [RUN]  clean | s4d_wide | seed=3  (4/35)
         → macro_F1=71.76%  (459s)
  [RUN]  clean | s4d_wide | seed=4  (5/35)
         → macro_F1=84.29%  (444s)
  [RUN]  awgn@+10dB | s4d_wide | seed=0  (6/35)
         → macro_F1=77.68%  (414s)
  [RUN]  awgn@+10dB | s4d_wide | seed=1  (7/35)
         → macro_F1=85.11%  (411s)
  [RUN]  awgn@+10dB | s4d_wide | seed=2  (8/35)
         → macro_F1=84.21%  (462s)
  [RUN]  awgn@+10dB | s4d_wide | seed=3  (9/35)
         → macro_F1=70.27%  (434s)
  [RUN]  awgn@+10dB | s4d_wide | seed=4  (10/35)
         → macro_F1=85.43%  (411s)
  [RUN]  awgn@+6dB | s4d_wide | seed=0  (11/35)
         → macro_F1=78.20%  (440s)
  [RUN]  awgn@+6dB | s4d_wide | seed=1  (12/35)
         → macro_F1=82.72%  (466s)
  [RUN]  awgn@+6dB | s4d_wide | seed=2  (13/35)
         → macro_F1=82.65%  (525s)
  [RUN]  awgn@+6dB | s4d_wide | seed=3  (14/35)
         → macro_F1=70.70%  (503s)
  [RUN]  awgn@+6dB | s4d_wide | seed=4  (15/35)
         → macro_F1=85.26%  (536s)
  [RUN]  awgn@+0dB | s4d_wide | seed=0  (16/35)
         → macro_F1=79.08%  (512s)
  [RUN]  awgn@+0dB | s4d_wide | seed=1  (17/35)
         → macro_F1=78.47%  (535s)
  [RUN]  awgn@+0dB | s4d_wide | seed=2  (18/35)
         → macro_F1=78.64%  (507s)
  [RUN]  awgn@+0dB | s4d_wide | seed=3  (19/35)
         → macro_F1=71.79%  (556s)
  [RUN]  awgn@+0dB | s4d_wide | seed=4  (20/35)
         → macro_F1=81.65%  (523s)
  [RUN]  awgn@-2dB | s4d_wide | seed=0  (21/35)
         → macro_F1=72.14%  (527s)
  [RUN]  awgn@-2dB | s4d_wide | seed=1  (22/35)
         → macro_F1=75.60%  (560s)
  [RUN]  awgn@-2dB | s4d_wide | seed=2  (23/35)
         → macro_F1=69.71%  (542s)
  [RUN]  awgn@-2dB | s4d_wide | seed=3  (24/35)
         → macro_F1=70.42%  (527s)
  [RUN]  awgn@-2dB | s4d_wide | seed=4  (25/35)
         → macro_F1=79.26%  (517s)
  [RUN]  awgn@-6dB | s4d_wide | seed=0  (26/35)
         → macro_F1=70.96%  (561s)
  [RUN]  awgn@-6dB | s4d_wide | seed=1  (27/35)
         → macro_F1=67.37%  (545s)
  [RUN]  awgn@-6dB | s4d_wide | seed=2  (28/35)
         → macro_F1=65.43%  (545s)
  [RUN]  awgn@-6dB | s4d_wide | seed=3  (29/35)
         → macro_F1=70.72%  (574s)
  [RUN]  awgn@-6dB | s4d_wide | seed=4  (30/35)
         → macro_F1=70.99%  (534s)
  [RUN]  awgn@-10dB | s4d_wide | seed=0  (31/35)
         → macro_F1=50.35%  (539s)
  [RUN]  awgn@-10dB | s4d_wide | seed=1  (32/35)
         → macro_F1=49.84%  (574s)
  [RUN]  awgn@-10dB | s4d_wide | seed=2  (33/35)
         → macro_F1=50.45%  (543s)
  [RUN]  awgn@-10dB | s4d_wide | seed=3  (34/35)
         → macro_F1=50.97%  (530s)
  [RUN]  awgn@-10dB | s4d_wide | seed=4  (35/35)
         → macro_F1=53.66%  (554s)
[DONE] cells.jsonl written (35 cells)

[COMPLETE] Results in results/capctrl_s4dwide_20260701-2237/
