[START] device=cuda  run_dir=results/frozensel_20260702-1827
[INIT] eval_sha256=6c20b367522c...
[NOISE] Running independent noise verification...
[NOISE] all_pass=True ✓
[GRID] 105 cells total, 0 already done, 105 to run
  [RUN]  clean | bm3_kin | seed=0  (1/105)
         → macro_F1=72.40%  (467s)
  [RUN]  clean | bm3_frozen | seed=0  (2/105)
         → macro_F1=71.62%  (296s)
  [RUN]  clean | s4d | seed=0  (3/105)
         → macro_F1=77.73%  (198s)
  [RUN]  clean | bm3_kin | seed=1  (4/105)
         → macro_F1=81.03%  (388s)
  [RUN]  clean | bm3_frozen | seed=1  (5/105)
         → macro_F1=69.69%  (303s)
  [RUN]  clean | s4d | seed=1  (6/105)
         → macro_F1=84.01%  (208s)
  [RUN]  clean | bm3_kin | seed=2  (7/105)
         → macro_F1=66.74%  (387s)
  [RUN]  clean | bm3_frozen | seed=2  (8/105)
         → macro_F1=73.32%  (301s)
  [RUN]  clean | s4d | seed=2  (9/105)
         → macro_F1=72.94%  (198s)
  [RUN]  clean | bm3_kin | seed=3  (10/105)
         → macro_F1=93.91%  (392s)
  [RUN]  clean | bm3_frozen | seed=3  (11/105)
         → macro_F1=90.31%  (300s)
  [RUN]  clean | s4d | seed=3  (12/105)
         → macro_F1=81.98%  (206s)
  [RUN]  clean | bm3_kin | seed=4  (13/105)
         → macro_F1=80.38%  (390s)
  [RUN]  clean | bm3_frozen | seed=4  (14/105)
         → macro_F1=89.63%  (300s)
  [RUN]  clean | s4d | seed=4  (15/105)
         → macro_F1=88.31%  (197s)
  [RUN]  awgn@+10dB | bm3_kin | seed=0  (16/105)
         → macro_F1=71.32%  (403s)
  [RUN]  awgn@+10dB | bm3_frozen | seed=0  (17/105)
         → macro_F1=70.77%  (312s)
  [RUN]  awgn@+10dB | s4d | seed=0  (18/105)
         → macro_F1=81.54%  (225s)
  [RUN]  awgn@+10dB | bm3_kin | seed=1  (19/105)
         → macro_F1=86.14%  (406s)
  [RUN]  awgn@+10dB | bm3_frozen | seed=1  (20/105)
         → macro_F1=68.02%  (315s)
  [RUN]  awgn@+10dB | s4d | seed=1  (21/105)
         → macro_F1=84.04%  (214s)
  [RUN]  awgn@+10dB | bm3_kin | seed=2  (22/105)
         → macro_F1=78.66%  (405s)
  [RUN]  awgn@+10dB | bm3_frozen | seed=2  (23/105)
         → macro_F1=81.48%  (308s)
  [RUN]  awgn@+10dB | s4d | seed=2  (24/105)
         → macro_F1=71.75%  (224s)
  [RUN]  awgn@+10dB | bm3_kin | seed=3  (25/105)
         → macro_F1=96.75%  (404s)
  [RUN]  awgn@+10dB | bm3_frozen | seed=3  (26/105)
         → macro_F1=86.51%  (312s)
  [RUN]  awgn@+10dB | s4d | seed=3  (27/105)
         → macro_F1=82.65%  (214s)
  [RUN]  awgn@+10dB | bm3_kin | seed=4  (28/105)
         → macro_F1=84.19%  (393s)
  [RUN]  awgn@+10dB | bm3_frozen | seed=4  (29/105)
         → macro_F1=88.42%  (307s)
  [RUN]  awgn@+10dB | s4d | seed=4  (30/105)
         → macro_F1=87.57%  (220s)
  [RUN]  awgn@+6dB | bm3_kin | seed=0  (31/105)
         → macro_F1=79.71%  (395s)
  [RUN]  awgn@+6dB | bm3_frozen | seed=0  (32/105)
         → macro_F1=87.22%  (308s)
  [RUN]  awgn@+6dB | s4d | seed=0  (33/105)
         → macro_F1=85.88%  (213s)
  [RUN]  awgn@+6dB | bm3_kin | seed=1  (34/105)
         → macro_F1=92.07%  (403s)
  [RUN]  awgn@+6dB | bm3_frozen | seed=1  (35/105)
         → macro_F1=78.21%  (312s)
  [RUN]  awgn@+6dB | s4d | seed=1  (36/105)
         → macro_F1=77.10%  (226s)
  [RUN]  awgn@+6dB | bm3_kin | seed=2  (37/105)
         → macro_F1=83.88%  (406s)
  [RUN]  awgn@+6dB | bm3_frozen | seed=2  (38/105)
         → macro_F1=78.15%  (314s)
  [RUN]  awgn@+6dB | s4d | seed=2  (39/105)
         → macro_F1=76.03%  (220s)
  [RUN]  awgn@+6dB | bm3_kin | seed=3  (40/105)
         → macro_F1=97.42%  (412s)
  [RUN]  awgn@+6dB | bm3_frozen | seed=3  (41/105)
         → macro_F1=86.06%  (330s)
  [RUN]  awgn@+6dB | s4d | seed=3  (42/105)
         → macro_F1=83.28%  (219s)
  [RUN]  awgn@+6dB | bm3_kin | seed=4  (43/105)
         → macro_F1=86.56%  (417s)
  [RUN]  awgn@+6dB | bm3_frozen | seed=4  (44/105)
         → macro_F1=90.77%  (322s)
  [RUN]  awgn@+6dB | s4d | seed=4  (45/105)
         → macro_F1=86.01%  (217s)
  [RUN]  awgn@+0dB | bm3_kin | seed=0  (46/105)
         → macro_F1=93.79%  (408s)
  [RUN]  awgn@+0dB | bm3_frozen | seed=0  (47/105)
         → macro_F1=97.09%  (327s)
  [RUN]  awgn@+0dB | s4d | seed=0  (48/105)
         → macro_F1=69.52%  (215s)
  [RUN]  awgn@+0dB | bm3_kin | seed=1  (49/105)
         → macro_F1=94.95%  (402s)
  [RUN]  awgn@+0dB | bm3_frozen | seed=1  (50/105)
         → macro_F1=78.47%  (314s)
  [RUN]  awgn@+0dB | s4d | seed=1  (51/105)
         → macro_F1=78.20%  (214s)
  [RUN]  awgn@+0dB | bm3_kin | seed=2  (52/105)
         → macro_F1=92.14%  (395s)
  [RUN]  awgn@+0dB | bm3_frozen | seed=2  (53/105)
         → macro_F1=82.71%  (319s)
  [RUN]  awgn@+0dB | s4d | seed=2  (54/105)
         → macro_F1=77.62%  (217s)
  [RUN]  awgn@+0dB | bm3_kin | seed=3  (55/105)
         → macro_F1=98.48%  (397s)
  [RUN]  awgn@+0dB | bm3_frozen | seed=3  (56/105)
         → macro_F1=95.24%  (312s)
  [RUN]  awgn@+0dB | s4d | seed=3  (57/105)
         → macro_F1=72.59%  (214s)
  [RUN]  awgn@+0dB | bm3_kin | seed=4  (58/105)
         → macro_F1=95.86%  (406s)
  [RUN]  awgn@+0dB | bm3_frozen | seed=4  (59/105)
         → macro_F1=96.00%  (312s)
  [RUN]  awgn@+0dB | s4d | seed=4  (60/105)
         → macro_F1=82.65%  (214s)
  [RUN]  awgn@-2dB | bm3_kin | seed=0  (61/105)
         → macro_F1=95.20%  (408s)
  [RUN]  awgn@-2dB | bm3_frozen | seed=0  (62/105)
         → macro_F1=97.63%  (330s)
  [RUN]  awgn@-2dB | s4d | seed=0  (63/105)
         → macro_F1=74.40%  (230s)
  [RUN]  awgn@-2dB | bm3_kin | seed=1  (64/105)
         → macro_F1=94.41%  (448s)
  [RUN]  awgn@-2dB | bm3_frozen | seed=1  (65/105)
         → macro_F1=89.85%  (328s)
  [RUN]  awgn@-2dB | s4d | seed=1  (66/105)
         → macro_F1=77.50%  (224s)
  [RUN]  awgn@-2dB | bm3_kin | seed=2  (67/105)
         → macro_F1=93.47%  (432s)
  [RUN]  awgn@-2dB | bm3_frozen | seed=2  (68/105)
         → macro_F1=81.94%  (327s)
  [RUN]  awgn@-2dB | s4d | seed=2  (69/105)
         → macro_F1=76.71%  (225s)
  [RUN]  awgn@-2dB | bm3_kin | seed=3  (70/105)
         → macro_F1=97.77%  (436s)
  [RUN]  awgn@-2dB | bm3_frozen | seed=3  (71/105)
         → macro_F1=96.43%  (322s)
  [RUN]  awgn@-2dB | s4d | seed=3  (72/105)
         → macro_F1=67.65%  (216s)
  [RUN]  awgn@-2dB | bm3_kin | seed=4  (73/105)
         → macro_F1=96.18%  (404s)
  [RUN]  awgn@-2dB | bm3_frozen | seed=4  (74/105)
         → macro_F1=94.50%  (315s)
  [RUN]  awgn@-2dB | s4d | seed=4  (75/105)
         → macro_F1=79.28%  (217s)
  [RUN]  awgn@-6dB | bm3_kin | seed=0  (76/105)
         → macro_F1=88.42%  (411s)
  [RUN]  awgn@-6dB | bm3_frozen | seed=0  (77/105)
         → macro_F1=91.74%  (310s)
  [RUN]  awgn@-6dB | s4d | seed=0  (78/105)
         → macro_F1=69.61%  (213s)
  [RUN]  awgn@-6dB | bm3_kin | seed=1  (79/105)
         → macro_F1=85.95%  (395s)
  [RUN]  awgn@-6dB | bm3_frozen | seed=1  (80/105)
         → macro_F1=70.24%  (316s)
  [RUN]  awgn@-6dB | s4d | seed=1  (81/105)
         → macro_F1=68.79%  (225s)
  [RUN]  awgn@-6dB | bm3_kin | seed=2  (82/105)
         → macro_F1=85.77%  (407s)
  [RUN]  awgn@-6dB | bm3_frozen | seed=2  (83/105)
         → macro_F1=87.26%  (318s)
  [RUN]  awgn@-6dB | s4d | seed=2  (84/105)
         → macro_F1=69.57%  (216s)
  [RUN]  awgn@-6dB | bm3_kin | seed=3  (85/105)
         → macro_F1=89.86%  (399s)
  [RUN]  awgn@-6dB | bm3_frozen | seed=3  (86/105)
         → macro_F1=91.43%  (313s)
  [RUN]  awgn@-6dB | s4d | seed=3  (87/105)
         → macro_F1=65.25%  (226s)
  [RUN]  awgn@-6dB | bm3_kin | seed=4  (88/105)
         → macro_F1=92.40%  (413s)
  [RUN]  awgn@-6dB | bm3_frozen | seed=4  (89/105)
         → macro_F1=90.80%  (318s)
  [RUN]  awgn@-6dB | s4d | seed=4  (90/105)
         → macro_F1=69.50%  (218s)
  [RUN]  awgn@-10dB | bm3_kin | seed=0  (91/105)
         → macro_F1=69.39%  (405s)
  [RUN]  awgn@-10dB | bm3_frozen | seed=0  (92/105)
         → macro_F1=69.37%  (312s)
  [RUN]  awgn@-10dB | s4d | seed=0  (93/105)
         → macro_F1=49.85%  (226s)
  [RUN]  awgn@-10dB | bm3_kin | seed=1  (94/105)
         → macro_F1=60.05%  (410s)
  [RUN]  awgn@-10dB | bm3_frozen | seed=1  (95/105)
         → macro_F1=56.11%  (312s)
  [RUN]  awgn@-10dB | s4d | seed=1  (96/105)
         → macro_F1=49.58%  (216s)
  [RUN]  awgn@-10dB | bm3_kin | seed=2  (97/105)
         → macro_F1=69.42%  (410s)
  [RUN]  awgn@-10dB | bm3_frozen | seed=2  (98/105)
         → macro_F1=58.09%  (322s)
  [RUN]  awgn@-10dB | s4d | seed=2  (99/105)
         → macro_F1=50.86%  (217s)
  [RUN]  awgn@-10dB | bm3_kin | seed=3  (100/105)
         → macro_F1=70.64%  (411s)
  [RUN]  awgn@-10dB | bm3_frozen | seed=3  (101/105)
         → macro_F1=65.39%  (317s)
  [RUN]  awgn@-10dB | s4d | seed=3  (102/105)
         → macro_F1=51.47%  (219s)
  [RUN]  awgn@-10dB | bm3_kin | seed=4  (103/105)
         → macro_F1=71.06%  (402s)
  [RUN]  awgn@-10dB | bm3_frozen | seed=4  (104/105)
         → macro_F1=72.61%  (319s)
  [RUN]  awgn@-10dB | s4d | seed=4  (105/105)
         → macro_F1=59.92%  (217s)
[DONE] cells.jsonl written (105 cells)

[COMPLETE] Results in results/frozensel_20260702-1827/
