[START] device=cuda  run_dir=results/fullgrid_fixed_20260628-2248
[INIT] eval_sha256=6c20b367522c...
[NOISE] Running independent noise verification...
[NOISE] all_pass=True ✓
[GRID] 475 cells total, 0 already done, 475 to run
  [RUN]  clean | bm3_kin | seed=0  (1/475)
         → macro_F1=71.74%  (500s)
  [RUN]  clean | cnn1d | seed=0  (2/475)
         → macro_F1=41.08%  (85s)
  [RUN]  clean | tcn | seed=0  (3/475)
         → macro_F1=42.05%  (156s)
  [RUN]  clean | cnnlstm | seed=0  (4/475)
         → macro_F1=47.99%  (84s)
  [RUN]  clean | s4d | seed=0  (5/475)
         → macro_F1=77.73%  (220s)
  [RUN]  clean | bm3_kin | seed=1  (6/475)
         → macro_F1=79.99%  (473s)
  [RUN]  clean | cnn1d | seed=1  (7/475)
         → macro_F1=41.56%  (77s)
  [RUN]  clean | tcn | seed=1  (8/475)
         → macro_F1=45.02%  (168s)
  [RUN]  clean | cnnlstm | seed=1  (9/475)
         → macro_F1=85.08%  (146s)
  [RUN]  clean | s4d | seed=1  (10/475)
         → macro_F1=84.01%  (221s)
  [RUN]  clean | bm3_kin | seed=2  (11/475)
         → macro_F1=67.65%  (453s)
  [RUN]  clean | cnn1d | seed=2  (12/475)
         → macro_F1=45.53%  (81s)
  [RUN]  clean | tcn | seed=2  (13/475)
         → macro_F1=52.36%  (158s)
  [RUN]  clean | cnnlstm | seed=2  (14/475)
         → macro_F1=61.63%  (86s)
  [RUN]  clean | s4d | seed=2  (15/475)
         → macro_F1=72.94%  (221s)
  [RUN]  clean | bm3_kin | seed=3  (16/475)
         → macro_F1=93.98%  (500s)
  [RUN]  clean | cnn1d | seed=3  (17/475)
         → macro_F1=40.28%  (81s)
  [RUN]  clean | tcn | seed=3  (18/475)
         → macro_F1=51.70%  (158s)
  [RUN]  clean | cnnlstm | seed=3  (19/475)
         → macro_F1=43.13%  (88s)
  [RUN]  clean | s4d | seed=3  (20/475)
         → macro_F1=82.95%  (221s)
  [RUN]  clean | bm3_kin | seed=4  (21/475)
         → macro_F1=83.39%  (456s)
  [RUN]  clean | cnn1d | seed=4  (22/475)
         → macro_F1=41.32%  (81s)
  [RUN]  clean | tcn | seed=4  (23/475)
         → macro_F1=44.28%  (159s)
  [RUN]  clean | cnnlstm | seed=4  (24/475)
         → macro_F1=60.14%  (127s)
  [RUN]  clean | s4d | seed=4  (25/475)
         → macro_F1=88.31%  (222s)
  [RUN]  awgn@+10dB | bm3_kin | seed=0  (26/475)
         → macro_F1=77.58%  (473s)
  [RUN]  awgn@+10dB | cnn1d | seed=0  (27/475)
         → macro_F1=49.93%  (125s)
  [RUN]  awgn@+10dB | tcn | seed=0  (28/475)
         → macro_F1=49.87%  (171s)
  [RUN]  awgn@+10dB | cnnlstm | seed=0  (29/475)
         → macro_F1=55.15%  (121s)
  [RUN]  awgn@+10dB | s4d | seed=0  (30/475)
         → macro_F1=81.59%  (238s)
  [RUN]  awgn@+10dB | bm3_kin | seed=1  (31/475)
         → macro_F1=90.40%  (510s)
  [RUN]  awgn@+10dB | cnn1d | seed=1  (32/475)
         → macro_F1=43.57%  (126s)
  [RUN]  awgn@+10dB | tcn | seed=1  (33/475)
         → macro_F1=49.13%  (172s)
  [RUN]  awgn@+10dB | cnnlstm | seed=1  (34/475)
         → macro_F1=65.27%  (124s)
  [RUN]  awgn@+10dB | s4d | seed=1  (35/475)
         → macro_F1=84.04%  (241s)
  [RUN]  awgn@+10dB | bm3_kin | seed=2  (36/475)
         → macro_F1=81.99%  (475s)
  [RUN]  awgn@+10dB | cnn1d | seed=2  (37/475)
         → macro_F1=47.44%  (124s)
  [RUN]  awgn@+10dB | tcn | seed=2  (38/475)
         → macro_F1=62.37%  (173s)
  [RUN]  awgn@+10dB | cnnlstm | seed=2  (39/475)
         → macro_F1=73.29%  (124s)
  [RUN]  awgn@+10dB | s4d | seed=2  (40/475)
         → macro_F1=71.75%  (281s)
  [RUN]  awgn@+10dB | bm3_kin | seed=3  (41/475)
         → macro_F1=96.48%  (467s)
  [RUN]  awgn@+10dB | cnn1d | seed=3  (42/475)
         → macro_F1=44.56%  (122s)
  [RUN]  awgn@+10dB | tcn | seed=3  (43/475)
         → macro_F1=62.31%  (172s)
  [RUN]  awgn@+10dB | cnnlstm | seed=3  (44/475)
         → macro_F1=74.96%  (123s)
  [RUN]  awgn@+10dB | s4d | seed=3  (45/475)
         → macro_F1=82.34%  (240s)
  [RUN]  awgn@+10dB | bm3_kin | seed=4  (46/475)
         → macro_F1=83.67%  (469s)
  [RUN]  awgn@+10dB | cnn1d | seed=4  (47/475)
         → macro_F1=45.57%  (157s)
  [RUN]  awgn@+10dB | tcn | seed=4  (48/475)
         → macro_F1=68.58%  (173s)
  [RUN]  awgn@+10dB | cnnlstm | seed=4  (49/475)
         → macro_F1=69.24%  (130s)
  [RUN]  awgn@+10dB | s4d | seed=4  (50/475)
         → macro_F1=87.57%  (238s)
  [RUN]  awgn@+6dB | bm3_kin | seed=0  (51/475)
         → macro_F1=78.63%  (468s)
  [RUN]  awgn@+6dB | cnn1d | seed=0  (52/475)
         → macro_F1=53.98%  (124s)
  [RUN]  awgn@+6dB | tcn | seed=0  (53/475)
         → macro_F1=64.67%  (173s)
  [RUN]  awgn@+6dB | cnnlstm | seed=0  (54/475)
         → macro_F1=77.86%  (126s)
  [RUN]  awgn@+6dB | s4d | seed=0  (55/475)
         → macro_F1=86.18%  (238s)
  [RUN]  awgn@+6dB | bm3_kin | seed=1  (56/475)
         → macro_F1=91.93%  (498s)
  [RUN]  awgn@+6dB | cnn1d | seed=1  (57/475)
         → macro_F1=55.97%  (123s)
  [RUN]  awgn@+6dB | tcn | seed=1  (58/475)
         → macro_F1=65.62%  (173s)
  [RUN]  awgn@+6dB | cnnlstm | seed=1  (59/475)
         → macro_F1=77.08%  (126s)
  [RUN]  awgn@+6dB | s4d | seed=1  (60/475)
         → macro_F1=77.10%  (240s)
  [RUN]  awgn@+6dB | bm3_kin | seed=2  (61/475)
         → macro_F1=85.47%  (466s)
  [RUN]  awgn@+6dB | cnn1d | seed=2  (62/475)
         → macro_F1=55.59%  (124s)
  [RUN]  awgn@+6dB | tcn | seed=2  (63/475)
         → macro_F1=70.54%  (212s)
  [RUN]  awgn@+6dB | cnnlstm | seed=2  (64/475)
         → macro_F1=75.93%  (123s)
  [RUN]  awgn@+6dB | s4d | seed=2  (65/475)
         → macro_F1=75.75%  (239s)
  [RUN]  awgn@+6dB | bm3_kin | seed=3  (66/475)
         → macro_F1=97.40%  (466s)
  [RUN]  awgn@+6dB | cnn1d | seed=3  (67/475)
         → macro_F1=60.84%  (125s)
  [RUN]  awgn@+6dB | tcn | seed=3  (68/475)
         → macro_F1=57.78%  (173s)
  [RUN]  awgn@+6dB | cnnlstm | seed=3  (69/475)
         → macro_F1=75.57%  (122s)
  [RUN]  awgn@+6dB | s4d | seed=3  (70/475)
         → macro_F1=81.28%  (239s)
  [RUN]  awgn@+6dB | bm3_kin | seed=4  (71/475)
         → macro_F1=84.03%  (502s)
  [RUN]  awgn@+6dB | cnn1d | seed=4  (72/475)
         → macro_F1=58.18%  (126s)
  [RUN]  awgn@+6dB | tcn | seed=4  (73/475)
         → macro_F1=66.79%  (172s)
  [RUN]  awgn@+6dB | cnnlstm | seed=4  (74/475)
         → macro_F1=60.74%  (122s)
  [RUN]  awgn@+6dB | s4d | seed=4  (75/475)
         → macro_F1=86.29%  (240s)
  [RUN]  awgn@+0dB | bm3_kin | seed=0  (76/475)
         → macro_F1=95.56%  (466s)
  [RUN]  awgn@+0dB | cnn1d | seed=0  (77/475)
         → macro_F1=75.59%  (124s)
  [RUN]  awgn@+0dB | tcn | seed=0  (78/475)
         → macro_F1=66.46%  (171s)
  [RUN]  awgn@+0dB | cnnlstm | seed=0  (79/475)
         → macro_F1=85.16%  (155s)
  [RUN]  awgn@+0dB | s4d | seed=0  (80/475)
         → macro_F1=70.32%  (238s)
  [RUN]  awgn@+0dB | bm3_kin | seed=1  (81/475)
         → macro_F1=92.08%  (461s)
  [RUN]  awgn@+0dB | cnn1d | seed=1  (82/475)
         → macro_F1=77.65%  (123s)
  [RUN]  awgn@+0dB | tcn | seed=1  (83/475)
         → macro_F1=70.12%  (174s)
  [RUN]  awgn@+0dB | cnnlstm | seed=1  (84/475)
         → macro_F1=82.02%  (126s)
  [RUN]  awgn@+0dB | s4d | seed=1  (85/475)
         → macro_F1=78.20%  (241s)
  [RUN]  awgn@+0dB | bm3_kin | seed=2  (86/475)
         → macro_F1=92.63%  (507s)
  [RUN]  awgn@+0dB | cnn1d | seed=2  (87/475)
         → macro_F1=76.40%  (127s)
  [RUN]  awgn@+0dB | tcn | seed=2  (88/475)
         → macro_F1=77.43%  (171s)
  [RUN]  awgn@+0dB | cnnlstm | seed=2  (89/475)
         → macro_F1=80.91%  (131s)
  [RUN]  awgn@+0dB | s4d | seed=2  (90/475)
         → macro_F1=77.62%  (239s)
  [RUN]  awgn@+0dB | bm3_kin | seed=3  (91/475)
         → macro_F1=98.64%  (462s)
  [RUN]  awgn@+0dB | cnn1d | seed=3  (92/475)
         → macro_F1=75.77%  (124s)
  [RUN]  awgn@+0dB | tcn | seed=3  (93/475)
         → macro_F1=70.91%  (171s)
  [RUN]  awgn@+0dB | cnnlstm | seed=3  (94/475)
         → macro_F1=83.78%  (123s)
  [RUN]  awgn@+0dB | s4d | seed=3  (95/475)
         → macro_F1=72.07%  (282s)
  [RUN]  awgn@+0dB | bm3_kin | seed=4  (96/475)
         → macro_F1=97.06%  (463s)
  [RUN]  awgn@+0dB | cnn1d | seed=4  (97/475)
         → macro_F1=73.85%  (123s)
  [RUN]  awgn@+0dB | tcn | seed=4  (98/475)
         → macro_F1=69.92%  (171s)
  [RUN]  awgn@+0dB | cnnlstm | seed=4  (99/475)
         → macro_F1=78.30%  (127s)
  [RUN]  awgn@+0dB | s4d | seed=4  (100/475)
         → macro_F1=82.62%  (240s)
  [RUN]  awgn@-2dB | bm3_kin | seed=0  (101/475)
         → macro_F1=95.85%  (491s)
  [RUN]  awgn@-2dB | cnn1d | seed=0  (102/475)
         → macro_F1=77.03%  (141s)
  [RUN]  awgn@-2dB | tcn | seed=0  (103/475)
         → macro_F1=69.91%  (173s)
  [RUN]  awgn@-2dB | cnnlstm | seed=0  (104/475)
         → macro_F1=81.04%  (123s)
  [RUN]  awgn@-2dB | s4d | seed=0  (105/475)
         → macro_F1=74.57%  (239s)
  [RUN]  awgn@-2dB | bm3_kin | seed=1  (106/475)
         → macro_F1=95.62%  (460s)
  [RUN]  awgn@-2dB | cnn1d | seed=1  (107/475)
         → macro_F1=78.43%  (125s)
  [RUN]  awgn@-2dB | tcn | seed=1  (108/475)
         → macro_F1=75.05%  (173s)
  [RUN]  awgn@-2dB | cnnlstm | seed=1  (109/475)
         → macro_F1=79.89%  (124s)
  [RUN]  awgn@-2dB | s4d | seed=1  (110/475)
         → macro_F1=77.25%  (297s)
  [RUN]  awgn@-2dB | bm3_kin | seed=2  (111/475)
         → macro_F1=93.97%  (486s)
  [RUN]  awgn@-2dB | cnn1d | seed=2  (112/475)
         → macro_F1=77.64%  (124s)
  [RUN]  awgn@-2dB | tcn | seed=2  (113/475)
         → macro_F1=77.69%  (172s)
  [RUN]  awgn@-2dB | cnnlstm | seed=2  (114/475)
         → macro_F1=83.26%  (127s)
  [RUN]  awgn@-2dB | s4d | seed=2  (115/475)
         → macro_F1=76.72%  (236s)
  [RUN]  awgn@-2dB | bm3_kin | seed=3  (116/475)
         → macro_F1=96.99%  (466s)
  [RUN]  awgn@-2dB | cnn1d | seed=3  (117/475)
         → macro_F1=76.69%  (145s)
  [RUN]  awgn@-2dB | tcn | seed=3  (118/475)
         → macro_F1=71.59%  (185s)
  [RUN]  awgn@-2dB | cnnlstm | seed=3  (119/475)
         → macro_F1=82.12%  (128s)
  [RUN]  awgn@-2dB | s4d | seed=3  (120/475)
         → macro_F1=67.96%  (240s)
  [RUN]  awgn@-2dB | bm3_kin | seed=4  (121/475)
         → macro_F1=95.42%  (465s)
  [RUN]  awgn@-2dB | cnn1d | seed=4  (122/475)
         → macro_F1=78.28%  (125s)
  [RUN]  awgn@-2dB | tcn | seed=4  (123/475)
         → macro_F1=75.23%  (173s)
  [RUN]  awgn@-2dB | cnnlstm | seed=4  (124/475)
         → macro_F1=82.15%  (124s)
  [RUN]  awgn@-2dB | s4d | seed=4  (125/475)
         → macro_F1=79.28%  (241s)
  [RUN]  awgn@-6dB | bm3_kin | seed=0  (126/475)
         → macro_F1=88.76%  (536s)
  [RUN]  awgn@-6dB | cnn1d | seed=0  (127/475)
         → macro_F1=70.38%  (123s)
  [RUN]  awgn@-6dB | tcn | seed=0  (128/475)
         → macro_F1=75.51%  (169s)
  [RUN]  awgn@-6dB | cnnlstm | seed=0  (129/475)
         → macro_F1=79.29%  (122s)
  [RUN]  awgn@-6dB | s4d | seed=0  (130/475)
         → macro_F1=69.61%  (235s)
  [RUN]  awgn@-6dB | bm3_kin | seed=1  (131/475)
         → macro_F1=86.72%  (450s)
  [RUN]  awgn@-6dB | cnn1d | seed=1  (132/475)
         → macro_F1=75.29%  (124s)
  [RUN]  awgn@-6dB | tcn | seed=1  (133/475)
         → macro_F1=74.04%  (205s)
  [RUN]  awgn@-6dB | cnnlstm | seed=1  (134/475)
         → macro_F1=78.64%  (127s)
  [RUN]  awgn@-6dB | s4d | seed=1  (135/475)
         → macro_F1=68.79%  (235s)
  [RUN]  awgn@-6dB | bm3_kin | seed=2  (136/475)
         → macro_F1=85.09%  (444s)
  [RUN]  awgn@-6dB | cnn1d | seed=2  (137/475)
         → macro_F1=74.30%  (129s)
  [RUN]  awgn@-6dB | tcn | seed=2  (138/475)
         → macro_F1=75.98%  (170s)
  [RUN]  awgn@-6dB | cnnlstm | seed=2  (139/475)
         → macro_F1=82.16%  (127s)
  [RUN]  awgn@-6dB | s4d | seed=2  (140/475)
         → macro_F1=69.57%  (235s)
  [RUN]  awgn@-6dB | bm3_kin | seed=3  (141/475)
         → macro_F1=89.54%  (459s)
  [RUN]  awgn@-6dB | cnn1d | seed=3  (142/475)
         → macro_F1=72.54%  (126s)
  [RUN]  awgn@-6dB | tcn | seed=3  (143/475)
         → macro_F1=75.80%  (169s)
  [RUN]  awgn@-6dB | cnnlstm | seed=3  (144/475)
         → macro_F1=82.81%  (122s)
  [RUN]  awgn@-6dB | s4d | seed=3  (145/475)
         → macro_F1=65.32%  (235s)
  [RUN]  awgn@-6dB | bm3_kin | seed=4  (146/475)
         → macro_F1=92.44%  (448s)
  [RUN]  awgn@-6dB | cnn1d | seed=4  (147/475)
         → macro_F1=72.68%  (124s)
  [RUN]  awgn@-6dB | tcn | seed=4  (148/475)
         → macro_F1=70.53%  (168s)
  [RUN]  awgn@-6dB | cnnlstm | seed=4  (149/475)
         → macro_F1=77.63%  (127s)
  [RUN]  awgn@-6dB | s4d | seed=4  (150/475)
         → macro_F1=69.50%  (242s)
  [RUN]  awgn@-10dB | bm3_kin | seed=0  (151/475)
         → macro_F1=68.73%  (452s)
  [RUN]  awgn@-10dB | cnn1d | seed=0  (152/475)
         → macro_F1=65.03%  (126s)
  [RUN]  awgn@-10dB | tcn | seed=0  (153/475)
         → macro_F1=65.35%  (168s)
  [RUN]  awgn@-10dB | cnnlstm | seed=0  (154/475)
         → macro_F1=47.51%  (124s)
  [RUN]  awgn@-10dB | s4d | seed=0  (155/475)
         → macro_F1=49.85%  (232s)
  [RUN]  awgn@-10dB | bm3_kin | seed=1  (156/475)
         → macro_F1=60.51%  (449s)
  [RUN]  awgn@-10dB | cnn1d | seed=1  (157/475)
         → macro_F1=59.75%  (134s)
  [RUN]  awgn@-10dB | tcn | seed=1  (158/475)
         → macro_F1=66.62%  (171s)
  [RUN]  awgn@-10dB | cnnlstm | seed=1  (159/475)
         → macro_F1=53.48%  (134s)
  [RUN]  awgn@-10dB | s4d | seed=1  (160/475)
         → macro_F1=49.58%  (234s)
  [RUN]  awgn@-10dB | bm3_kin | seed=2  (161/475)
         → macro_F1=68.29%  (444s)
  [RUN]  awgn@-10dB | cnn1d | seed=2  (162/475)
         → macro_F1=59.73%  (130s)
  [RUN]  awgn@-10dB | tcn | seed=2  (163/475)
         → macro_F1=65.64%  (168s)
  [RUN]  awgn@-10dB | cnnlstm | seed=2  (164/475)
         → macro_F1=49.72%  (125s)
  [RUN]  awgn@-10dB | s4d | seed=2  (165/475)
         → macro_F1=50.86%  (234s)
  [RUN]  awgn@-10dB | bm3_kin | seed=3  (166/475)
         → macro_F1=70.89%  (461s)
  [RUN]  awgn@-10dB | cnn1d | seed=3  (167/475)
         → macro_F1=60.82%  (123s)
  [RUN]  awgn@-10dB | tcn | seed=3  (168/475)
         → macro_F1=65.88%  (169s)
  [RUN]  awgn@-10dB | cnnlstm | seed=3  (169/475)
         → macro_F1=50.04%  (124s)
  [RUN]  awgn@-10dB | s4d | seed=3  (170/475)
         → macro_F1=51.47%  (236s)
  [RUN]  awgn@-10dB | bm3_kin | seed=4  (171/475)
         → macro_F1=70.18%  (454s)
  [RUN]  awgn@-10dB | cnn1d | seed=4  (172/475)
         → macro_F1=56.06%  (122s)
  [RUN]  awgn@-10dB | tcn | seed=4  (173/475)
         → macro_F1=61.82%  (168s)
  [RUN]  awgn@-10dB | cnnlstm | seed=4  (174/475)
         → macro_F1=45.65%  (130s)
  [RUN]  awgn@-10dB | s4d | seed=4  (175/475)
         → macro_F1=59.92%  (232s)
  [RUN]  pink@+10dB | bm3_kin | seed=0  (176/475)
         → macro_F1=72.88%  (466s)
  [RUN]  pink@+10dB | cnn1d | seed=0  (177/475)
         → macro_F1=41.02%  (156s)
  [RUN]  pink@+10dB | tcn | seed=0  (178/475)
         → macro_F1=43.23%  (183s)
  [RUN]  pink@+10dB | cnnlstm | seed=0  (179/475)
         → macro_F1=54.08%  (156s)
  [RUN]  pink@+10dB | s4d | seed=0  (180/475)
         → macro_F1=75.06%  (249s)
  [RUN]  pink@+10dB | bm3_kin | seed=1  (181/475)
         → macro_F1=82.69%  (466s)
  [RUN]  pink@+10dB | cnn1d | seed=1  (182/475)
         → macro_F1=43.23%  (155s)
  [RUN]  pink@+10dB | tcn | seed=1  (183/475)
         → macro_F1=44.62%  (184s)
  [RUN]  pink@+10dB | cnnlstm | seed=1  (184/475)
         → macro_F1=53.75%  (153s)
  [RUN]  pink@+10dB | s4d | seed=1  (185/475)
         → macro_F1=79.37%  (248s)
  [RUN]  pink@+10dB | bm3_kin | seed=2  (186/475)
         → macro_F1=72.37%  (456s)
  [RUN]  pink@+10dB | cnn1d | seed=2  (187/475)
         → macro_F1=45.41%  (156s)
  [RUN]  pink@+10dB | tcn | seed=2  (188/475)
         → macro_F1=56.05%  (186s)
  [RUN]  pink@+10dB | cnnlstm | seed=2  (189/475)
         → macro_F1=54.71%  (162s)
  [RUN]  pink@+10dB | s4d | seed=2  (190/475)
         → macro_F1=69.33%  (248s)
  [RUN]  pink@+10dB | bm3_kin | seed=3  (191/475)
         → macro_F1=94.58%  (451s)
  [RUN]  pink@+10dB | cnn1d | seed=3  (192/475)
         → macro_F1=40.71%  (156s)
  [RUN]  pink@+10dB | tcn | seed=3  (193/475)
         → macro_F1=49.97%  (184s)
  [RUN]  pink@+10dB | cnnlstm | seed=3  (194/475)
         → macro_F1=64.56%  (159s)
  [RUN]  pink@+10dB | s4d | seed=3  (195/475)
         → macro_F1=75.64%  (245s)
  [RUN]  pink@+10dB | bm3_kin | seed=4  (196/475)
         → macro_F1=87.03%  (455s)
  [RUN]  pink@+10dB | cnn1d | seed=4  (197/475)
         → macro_F1=44.32%  (157s)
  [RUN]  pink@+10dB | tcn | seed=4  (198/475)
         → macro_F1=51.00%  (185s)
  [RUN]  pink@+10dB | cnnlstm | seed=4  (199/475)
         → macro_F1=64.54%  (158s)
  [RUN]  pink@+10dB | s4d | seed=4  (200/475)
         → macro_F1=77.62%  (245s)
  [RUN]  pink@+6dB | bm3_kin | seed=0  (201/475)
         → macro_F1=72.88%  (451s)
  [RUN]  pink@+6dB | cnn1d | seed=0  (202/475)
         → macro_F1=41.87%  (157s)
  [RUN]  pink@+6dB | tcn | seed=0  (203/475)
         → macro_F1=47.09%  (185s)
  [RUN]  pink@+6dB | cnnlstm | seed=0  (204/475)
         → macro_F1=56.84%  (163s)
  [RUN]  pink@+6dB | s4d | seed=0  (205/475)
         → macro_F1=68.10%  (246s)
  [RUN]  pink@+6dB | bm3_kin | seed=1  (206/475)
         → macro_F1=75.97%  (452s)
  [RUN]  pink@+6dB | cnn1d | seed=1  (207/475)
         → macro_F1=42.63%  (156s)
  [RUN]  pink@+6dB | tcn | seed=1  (208/475)
         → macro_F1=47.52%  (187s)
  [RUN]  pink@+6dB | cnnlstm | seed=1  (209/475)
         → macro_F1=46.20%  (158s)
  [RUN]  pink@+6dB | s4d | seed=1  (210/475)
         → macro_F1=73.95%  (244s)
  [RUN]  pink@+6dB | bm3_kin | seed=2  (211/475)
         → macro_F1=70.83%  (466s)
  [RUN]  pink@+6dB | cnn1d | seed=2  (212/475)
         → macro_F1=46.68%  (156s)
  [RUN]  pink@+6dB | tcn | seed=2  (213/475)
         → macro_F1=59.24%  (186s)
  [RUN]  pink@+6dB | cnnlstm | seed=2  (214/475)
         → macro_F1=67.24%  (160s)
  [RUN]  pink@+6dB | s4d | seed=2  (215/475)
         → macro_F1=67.44%  (246s)
  [RUN]  pink@+6dB | bm3_kin | seed=3  (216/475)
         → macro_F1=93.54%  (443s)
  [RUN]  pink@+6dB | cnn1d | seed=3  (217/475)
         → macro_F1=41.14%  (156s)
  [RUN]  pink@+6dB | tcn | seed=3  (218/475)
         → macro_F1=51.92%  (185s)
  [RUN]  pink@+6dB | cnnlstm | seed=3  (219/475)
         → macro_F1=52.19%  (170s)
  [RUN]  pink@+6dB | s4d | seed=3  (220/475)
         → macro_F1=64.24%  (245s)
  [RUN]  pink@+6dB | bm3_kin | seed=4  (221/475)
         → macro_F1=79.97%  (437s)
  [RUN]  pink@+6dB | cnn1d | seed=4  (222/475)
         → macro_F1=44.08%  (166s)
  [RUN]  pink@+6dB | tcn | seed=4  (223/475)
         → macro_F1=57.55%  (193s)
  [RUN]  pink@+6dB | cnnlstm | seed=4  (224/475)
         → macro_F1=60.39%  (164s)
  [RUN]  pink@+6dB | s4d | seed=4  (225/475)
         → macro_F1=74.21%  (245s)
  [RUN]  pink@+0dB | bm3_kin | seed=0  (226/475)
         → macro_F1=68.47%  (445s)
  [RUN]  pink@+0dB | cnn1d | seed=0  (227/475)
         → macro_F1=50.44%  (161s)
  [RUN]  pink@+0dB | tcn | seed=0  (228/475)
         → macro_F1=54.43%  (197s)
  [RUN]  pink@+0dB | cnnlstm | seed=0  (229/475)
         → macro_F1=63.33%  (170s)
  [RUN]  pink@+0dB | s4d | seed=0  (230/475)
         → macro_F1=60.81%  (252s)
  [RUN]  pink@+0dB | bm3_kin | seed=1  (231/475)
         → macro_F1=61.92%  (439s)
  [RUN]  pink@+0dB | cnn1d | seed=1  (232/475)
         → macro_F1=49.52%  (169s)
  [RUN]  pink@+0dB | tcn | seed=1  (233/475)
         → macro_F1=57.32%  (199s)
  [RUN]  pink@+0dB | cnnlstm | seed=1  (234/475)
         → macro_F1=67.79%  (164s)
  [RUN]  pink@+0dB | s4d | seed=1  (235/475)
         → macro_F1=65.26%  (250s)
  [RUN]  pink@+0dB | bm3_kin | seed=2  (236/475)
         → macro_F1=65.49%  (464s)
  [RUN]  pink@+0dB | cnn1d | seed=2  (237/475)
         → macro_F1=56.36%  (157s)
  [RUN]  pink@+0dB | tcn | seed=2  (238/475)
         → macro_F1=65.25%  (189s)
  [RUN]  pink@+0dB | cnnlstm | seed=2  (239/475)
         → macro_F1=78.14%  (160s)
  [RUN]  pink@+0dB | s4d | seed=2  (240/475)
         → macro_F1=66.70%  (244s)
  [RUN]  pink@+0dB | bm3_kin | seed=3  (241/475)
         → macro_F1=86.78%  (463s)
  [RUN]  pink@+0dB | cnn1d | seed=3  (242/475)
         → macro_F1=49.16%  (156s)
  [RUN]  pink@+0dB | tcn | seed=3  (243/475)
         → macro_F1=55.61%  (186s)
  [RUN]  pink@+0dB | cnnlstm | seed=3  (244/475)
         → macro_F1=66.35%  (158s)
  [RUN]  pink@+0dB | s4d | seed=3  (245/475)
         → macro_F1=61.10%  (250s)
  [RUN]  pink@+0dB | bm3_kin | seed=4  (246/475)
         → macro_F1=82.69%  (464s)
  [RUN]  pink@+0dB | cnn1d | seed=4  (247/475)
         → macro_F1=56.07%  (155s)
  [RUN]  pink@+0dB | tcn | seed=4  (248/475)
         → macro_F1=58.96%  (186s)
  [RUN]  pink@+0dB | cnnlstm | seed=4  (249/475)
         → macro_F1=70.93%  (161s)
  [RUN]  pink@+0dB | s4d | seed=4  (250/475)
         → macro_F1=65.74%  (247s)
  [RUN]  pink@-2dB | bm3_kin | seed=0  (251/475)
         → macro_F1=70.68%  (462s)
  [RUN]  pink@-2dB | cnn1d | seed=0  (252/475)
         → macro_F1=56.64%  (158s)
  [RUN]  pink@-2dB | tcn | seed=0  (253/475)
         → macro_F1=55.52%  (187s)
  [RUN]  pink@-2dB | cnnlstm | seed=0  (254/475)
         → macro_F1=65.29%  (158s)
  [RUN]  pink@-2dB | s4d | seed=0  (255/475)
         → macro_F1=58.72%  (250s)
  [RUN]  pink@-2dB | bm3_kin | seed=1  (256/475)
         → macro_F1=65.44%  (470s)
  [RUN]  pink@-2dB | cnn1d | seed=1  (257/475)
         → macro_F1=65.91%  (155s)
  [RUN]  pink@-2dB | tcn | seed=1  (258/475)
         → macro_F1=56.58%  (186s)
  [RUN]  pink@-2dB | cnnlstm | seed=1  (259/475)
         → macro_F1=69.14%  (157s)
  [RUN]  pink@-2dB | s4d | seed=1  (260/475)
         → macro_F1=58.44%  (250s)
  [RUN]  pink@-2dB | bm3_kin | seed=2  (261/475)
         → macro_F1=72.24%  (470s)
  [RUN]  pink@-2dB | cnn1d | seed=2  (262/475)
         → macro_F1=57.04%  (157s)
  [RUN]  pink@-2dB | tcn | seed=2  (263/475)
         → macro_F1=64.04%  (197s)
  [RUN]  pink@-2dB | cnnlstm | seed=2  (264/475)
         → macro_F1=77.12%  (160s)
  [RUN]  pink@-2dB | s4d | seed=2  (265/475)
         → macro_F1=66.24%  (250s)
  [RUN]  pink@-2dB | bm3_kin | seed=3  (266/475)
         → macro_F1=73.96%  (468s)
  [RUN]  pink@-2dB | cnn1d | seed=3  (267/475)
         → macro_F1=53.05%  (159s)
  [RUN]  pink@-2dB | tcn | seed=3  (268/475)
         → macro_F1=58.37%  (189s)
  [RUN]  pink@-2dB | cnnlstm | seed=3  (269/475)
         → macro_F1=62.50%  (156s)
  [RUN]  pink@-2dB | s4d | seed=3  (270/475)
         → macro_F1=62.32%  (250s)
  [RUN]  pink@-2dB | bm3_kin | seed=4  (271/475)
         → macro_F1=85.03%  (476s)
  [RUN]  pink@-2dB | cnn1d | seed=4  (272/475)
         → macro_F1=58.69%  (158s)
  [RUN]  pink@-2dB | tcn | seed=4  (273/475)
         → macro_F1=61.94%  (187s)
  [RUN]  pink@-2dB | cnnlstm | seed=4  (274/475)
         → macro_F1=63.33%  (158s)
  [RUN]  pink@-2dB | s4d | seed=4  (275/475)
         → macro_F1=62.24%  (251s)
  [RUN]  pink@-6dB | bm3_kin | seed=0  (276/475)
         → macro_F1=67.58%  (476s)
  [RUN]  pink@-6dB | cnn1d | seed=0  (277/475)
         → macro_F1=57.44%  (158s)
  [RUN]  pink@-6dB | tcn | seed=0  (278/475)
         → macro_F1=60.55%  (198s)
  [RUN]  pink@-6dB | cnnlstm | seed=0  (279/475)
         → macro_F1=61.64%  (159s)
  [RUN]  pink@-6dB | s4d | seed=0  (280/475)
         → macro_F1=58.97%  (251s)
  [RUN]  pink@-6dB | bm3_kin | seed=1  (281/475)
         → macro_F1=62.08%  (468s)
  [RUN]  pink@-6dB | cnn1d | seed=1  (282/475)
         → macro_F1=68.93%  (158s)
  [RUN]  pink@-6dB | tcn | seed=1  (283/475)
         → macro_F1=65.66%  (186s)
  [RUN]  pink@-6dB | cnnlstm | seed=1  (284/475)
         → macro_F1=62.36%  (159s)
  [RUN]  pink@-6dB | s4d | seed=1  (285/475)
         → macro_F1=51.52%  (245s)
  [RUN]  pink@-6dB | bm3_kin | seed=2  (286/475)
         → macro_F1=67.18%  (516s)
  [RUN]  pink@-6dB | cnn1d | seed=2  (287/475)
         → macro_F1=63.05%  (164s)
  [RUN]  pink@-6dB | tcn | seed=2  (288/475)
         → macro_F1=67.36%  (188s)
  [RUN]  pink@-6dB | cnnlstm | seed=2  (289/475)
         → macro_F1=65.29%  (156s)
  [RUN]  pink@-6dB | s4d | seed=2  (290/475)
         → macro_F1=63.52%  (246s)
  [RUN]  pink@-6dB | bm3_kin | seed=3  (291/475)
         → macro_F1=65.12%  (462s)
  [RUN]  pink@-6dB | cnn1d | seed=3  (292/475)
         → macro_F1=58.70%  (162s)
  [RUN]  pink@-6dB | tcn | seed=3  (293/475)
         → macro_F1=63.84%  (183s)
  [RUN]  pink@-6dB | cnnlstm | seed=3  (294/475)
         → macro_F1=70.08%  (156s)
  [RUN]  pink@-6dB | s4d | seed=3  (295/475)
         → macro_F1=57.84%  (245s)
  [RUN]  pink@-6dB | bm3_kin | seed=4  (296/475)
         → macro_F1=69.84%  (448s)
  [RUN]  pink@-6dB | cnn1d | seed=4  (297/475)
         → macro_F1=68.19%  (156s)
  [RUN]  pink@-6dB | tcn | seed=4  (298/475)
         → macro_F1=68.60%  (182s)
  [RUN]  pink@-6dB | cnnlstm | seed=4  (299/475)
         → macro_F1=56.80%  (158s)
  [RUN]  pink@-6dB | s4d | seed=4  (300/475)
         → macro_F1=57.86%  (250s)
  [RUN]  pink@-10dB | bm3_kin | seed=0  (301/475)
         → macro_F1=58.64%  (448s)
  [RUN]  pink@-10dB | cnn1d | seed=0  (302/475)
         → macro_F1=58.14%  (154s)
  [RUN]  pink@-10dB | tcn | seed=0  (303/475)
         → macro_F1=64.32%  (183s)
  [RUN]  pink@-10dB | cnnlstm | seed=0  (304/475)
         → macro_F1=55.02%  (159s)
  [RUN]  pink@-10dB | s4d | seed=0  (305/475)
         → macro_F1=50.38%  (244s)
  [RUN]  pink@-10dB | bm3_kin | seed=1  (306/475)
         → macro_F1=60.79%  (453s)
  [RUN]  pink@-10dB | cnn1d | seed=1  (307/475)
         → macro_F1=55.96%  (154s)
  [RUN]  pink@-10dB | tcn | seed=1  (308/475)
         → macro_F1=62.13%  (191s)
  [RUN]  pink@-10dB | cnnlstm | seed=1  (309/475)
         → macro_F1=56.72%  (157s)
  [RUN]  pink@-10dB | s4d | seed=1  (310/475)
         → macro_F1=49.52%  (245s)
  [RUN]  pink@-10dB | bm3_kin | seed=2  (311/475)
         → macro_F1=62.91%  (451s)
  [RUN]  pink@-10dB | cnn1d | seed=2  (312/475)
         → macro_F1=58.22%  (155s)
  [RUN]  pink@-10dB | tcn | seed=2  (313/475)
         → macro_F1=63.72%  (183s)
  [RUN]  pink@-10dB | cnnlstm | seed=2  (314/475)
         → macro_F1=57.00%  (156s)
  [RUN]  pink@-10dB | s4d | seed=2  (315/475)
         → macro_F1=49.68%  (245s)
  [RUN]  pink@-10dB | bm3_kin | seed=3  (316/475)
         → macro_F1=53.97%  (457s)
  [RUN]  pink@-10dB | cnn1d | seed=3  (317/475)
         → macro_F1=54.66%  (155s)
  [RUN]  pink@-10dB | tcn | seed=3  (318/475)
         → macro_F1=58.90%  (183s)
  [RUN]  pink@-10dB | cnnlstm | seed=3  (319/475)
         → macro_F1=54.57%  (156s)
  [RUN]  pink@-10dB | s4d | seed=3  (320/475)
         → macro_F1=50.22%  (246s)
  [RUN]  pink@-10dB | bm3_kin | seed=4  (321/475)
         → macro_F1=61.15%  (449s)
  [RUN]  pink@-10dB | cnn1d | seed=4  (322/475)
         → macro_F1=55.75%  (156s)
  [RUN]  pink@-10dB | tcn | seed=4  (323/475)
         → macro_F1=61.55%  (192s)
  [RUN]  pink@-10dB | cnnlstm | seed=4  (324/475)
         → macro_F1=52.74%  (157s)
  [RUN]  pink@-10dB | s4d | seed=4  (325/475)
         → macro_F1=55.52%  (245s)
  [RUN]  impulsive@+10dB | bm3_kin | seed=0  (326/475)
         → macro_F1=73.36%  (454s)
  [RUN]  impulsive@+10dB | cnn1d | seed=0  (327/475)
         → macro_F1=44.32%  (181s)
  [RUN]  impulsive@+10dB | tcn | seed=0  (328/475)
         → macro_F1=44.91%  (203s)
  [RUN]  impulsive@+10dB | cnnlstm | seed=0  (329/475)
         → macro_F1=57.67%  (175s)
  [RUN]  impulsive@+10dB | s4d | seed=0  (330/475)
         → macro_F1=77.89%  (255s)
  [RUN]  impulsive@+10dB | bm3_kin | seed=1  (331/475)
         → macro_F1=82.62%  (465s)
  [RUN]  impulsive@+10dB | cnn1d | seed=1  (332/475)
         → macro_F1=44.56%  (175s)
  [RUN]  impulsive@+10dB | tcn | seed=1  (333/475)
         → macro_F1=49.61%  (203s)
  [RUN]  impulsive@+10dB | cnnlstm | seed=1  (334/475)
         → macro_F1=62.32%  (174s)
  [RUN]  impulsive@+10dB | s4d | seed=1  (335/475)
         → macro_F1=85.19%  (257s)
  [RUN]  impulsive@+10dB | bm3_kin | seed=2  (336/475)
         → macro_F1=63.94%  (458s)
  [RUN]  impulsive@+10dB | cnn1d | seed=2  (337/475)
         → macro_F1=59.12%  (185s)
  [RUN]  impulsive@+10dB | tcn | seed=2  (338/475)
         → macro_F1=59.38%  (204s)
  [RUN]  impulsive@+10dB | cnnlstm | seed=2  (339/475)
         → macro_F1=71.11%  (177s)
  [RUN]  impulsive@+10dB | s4d | seed=2  (340/475)
         → macro_F1=70.84%  (258s)
  [RUN]  impulsive@+10dB | bm3_kin | seed=3  (341/475)
         → macro_F1=96.09%  (466s)
  [RUN]  impulsive@+10dB | cnn1d | seed=3  (342/475)
         → macro_F1=43.05%  (175s)
  [RUN]  impulsive@+10dB | tcn | seed=3  (343/475)
         → macro_F1=62.23%  (198s)
  [RUN]  impulsive@+10dB | cnnlstm | seed=3  (344/475)
         → macro_F1=57.63%  (174s)
  [RUN]  impulsive@+10dB | s4d | seed=3  (345/475)
         → macro_F1=84.08%  (266s)
  [RUN]  impulsive@+10dB | bm3_kin | seed=4  (346/475)
         → macro_F1=86.87%  (475s)
  [RUN]  impulsive@+10dB | cnn1d | seed=4  (347/475)
         → macro_F1=48.15%  (175s)
  [RUN]  impulsive@+10dB | tcn | seed=4  (348/475)
         → macro_F1=56.13%  (203s)
  [RUN]  impulsive@+10dB | cnnlstm | seed=4  (349/475)
         → macro_F1=66.78%  (178s)
  [RUN]  impulsive@+10dB | s4d | seed=4  (350/475)
         → macro_F1=87.08%  (257s)
  [RUN]  impulsive@+6dB | bm3_kin | seed=0  (351/475)
         → macro_F1=79.82%  (477s)
  [RUN]  impulsive@+6dB | cnn1d | seed=0  (352/475)
         → macro_F1=50.94%  (178s)
  [RUN]  impulsive@+6dB | tcn | seed=0  (353/475)
         → macro_F1=51.69%  (200s)
  [RUN]  impulsive@+6dB | cnnlstm | seed=0  (354/475)
         → macro_F1=74.04%  (174s)
  [RUN]  impulsive@+6dB | s4d | seed=0  (355/475)
         → macro_F1=79.71%  (252s)
  [RUN]  impulsive@+6dB | bm3_kin | seed=1  (356/475)
         → macro_F1=84.12%  (451s)
  [RUN]  impulsive@+6dB | cnn1d | seed=1  (357/475)
         → macro_F1=50.81%  (180s)
  [RUN]  impulsive@+6dB | tcn | seed=1  (358/475)
         → macro_F1=58.95%  (203s)
  [RUN]  impulsive@+6dB | cnnlstm | seed=1  (359/475)
         → macro_F1=71.83%  (187s)
  [RUN]  impulsive@+6dB | s4d | seed=1  (360/475)
         → macro_F1=83.35%  (259s)
  [RUN]  impulsive@+6dB | bm3_kin | seed=2  (361/475)
         → macro_F1=68.10%  (440s)
  [RUN]  impulsive@+6dB | cnn1d | seed=2  (362/475)
         → macro_F1=77.39%  (186s)
  [RUN]  impulsive@+6dB | tcn | seed=2  (363/475)
         → macro_F1=63.85%  (213s)
  [RUN]  impulsive@+6dB | cnnlstm | seed=2  (364/475)
         → macro_F1=61.72%  (179s)
  [RUN]  impulsive@+6dB | s4d | seed=2  (365/475)
         → macro_F1=71.25%  (259s)
  [RUN]  impulsive@+6dB | bm3_kin | seed=3  (366/475)
         → macro_F1=95.65%  (453s)
  [RUN]  impulsive@+6dB | cnn1d | seed=3  (367/475)
         → macro_F1=51.97%  (182s)
  [RUN]  impulsive@+6dB | tcn | seed=3  (368/475)
         → macro_F1=59.43%  (208s)
  [RUN]  impulsive@+6dB | cnnlstm | seed=3  (369/475)
         → macro_F1=74.36%  (180s)
  [RUN]  impulsive@+6dB | s4d | seed=3  (370/475)
         → macro_F1=80.70%  (255s)
  [RUN]  impulsive@+6dB | bm3_kin | seed=4  (371/475)
         → macro_F1=84.91%  (441s)
  [RUN]  impulsive@+6dB | cnn1d | seed=4  (372/475)
         → macro_F1=52.31%  (183s)
  [RUN]  impulsive@+6dB | tcn | seed=4  (373/475)
         → macro_F1=65.56%  (223s)
  [RUN]  impulsive@+6dB | cnnlstm | seed=4  (374/475)
         → macro_F1=71.60%  (189s)
  [RUN]  impulsive@+6dB | s4d | seed=4  (375/475)
         → macro_F1=86.06%  (263s)
  [RUN]  impulsive@+0dB | bm3_kin | seed=0  (376/475)
         → macro_F1=89.13%  (465s)
  [RUN]  impulsive@+0dB | cnn1d | seed=0  (377/475)
         → macro_F1=59.25%  (175s)
  [RUN]  impulsive@+0dB | tcn | seed=0  (378/475)
         → macro_F1=62.41%  (209s)
  [RUN]  impulsive@+0dB | cnnlstm | seed=0  (379/475)
         → macro_F1=68.90%  (180s)
  [RUN]  impulsive@+0dB | s4d | seed=0  (380/475)
         → macro_F1=80.24%  (264s)
  [RUN]  impulsive@+0dB | bm3_kin | seed=1  (381/475)
         → macro_F1=88.48%  (444s)
  [RUN]  impulsive@+0dB | cnn1d | seed=1  (382/475)
         → macro_F1=69.66%  (181s)
  [RUN]  impulsive@+0dB | tcn | seed=1  (383/475)
         → macro_F1=64.47%  (213s)
  [RUN]  impulsive@+0dB | cnnlstm | seed=1  (384/475)
         → macro_F1=80.41%  (186s)
  [RUN]  impulsive@+0dB | s4d | seed=1  (385/475)
         → macro_F1=81.02%  (264s)
  [RUN]  impulsive@+0dB | bm3_kin | seed=2  (386/475)
         → macro_F1=76.24%  (460s)
  [RUN]  impulsive@+0dB | cnn1d | seed=2  (387/475)
         → macro_F1=70.05%  (189s)
  [RUN]  impulsive@+0dB | tcn | seed=2  (388/475)
         → macro_F1=65.86%  (212s)
  [RUN]  impulsive@+0dB | cnnlstm | seed=2  (389/475)
         → macro_F1=83.44%  (184s)
  [RUN]  impulsive@+0dB | s4d | seed=2  (390/475)
         → macro_F1=73.02%  (262s)
  [RUN]  impulsive@+0dB | bm3_kin | seed=3  (391/475)
         → macro_F1=92.77%  (452s)
  [RUN]  impulsive@+0dB | cnn1d | seed=3  (392/475)
         → macro_F1=64.58%  (184s)
  [RUN]  impulsive@+0dB | tcn | seed=3  (393/475)
         → macro_F1=63.65%  (211s)
  [RUN]  impulsive@+0dB | cnnlstm | seed=3  (394/475)
         → macro_F1=69.27%  (180s)
  [RUN]  impulsive@+0dB | s4d | seed=3  (395/475)
         → macro_F1=79.48%  (259s)
  [RUN]  impulsive@+0dB | bm3_kin | seed=4  (396/475)
         → macro_F1=84.85%  (478s)
  [RUN]  impulsive@+0dB | cnn1d | seed=4  (397/475)
         → macro_F1=71.86%  (177s)
  [RUN]  impulsive@+0dB | tcn | seed=4  (398/475)
         → macro_F1=76.48%  (204s)
  [RUN]  impulsive@+0dB | cnnlstm | seed=4  (399/475)
         → macro_F1=82.39%  (179s)
  [RUN]  impulsive@+0dB | s4d | seed=4  (400/475)
         → macro_F1=86.26%  (259s)
  [RUN]  impulsive@-2dB | bm3_kin | seed=0  (401/475)
         → macro_F1=87.33%  (483s)
  [RUN]  impulsive@-2dB | cnn1d | seed=0  (402/475)
         → macro_F1=69.29%  (183s)
  [RUN]  impulsive@-2dB | tcn | seed=0  (403/475)
         → macro_F1=64.34%  (214s)
  [RUN]  impulsive@-2dB | cnnlstm | seed=0  (404/475)
         → macro_F1=70.05%  (184s)
  [RUN]  impulsive@-2dB | s4d | seed=0  (405/475)
         → macro_F1=80.20%  (262s)
  [RUN]  impulsive@-2dB | bm3_kin | seed=1  (406/475)
         → macro_F1=89.87%  (480s)
  [RUN]  impulsive@-2dB | cnn1d | seed=1  (407/475)
         → macro_F1=69.32%  (185s)
  [RUN]  impulsive@-2dB | tcn | seed=1  (408/475)
         → macro_F1=67.26%  (210s)
  [RUN]  impulsive@-2dB | cnnlstm | seed=1  (409/475)
         → macro_F1=74.93%  (176s)
  [RUN]  impulsive@-2dB | s4d | seed=1  (410/475)
         → macro_F1=80.50%  (260s)
  [RUN]  impulsive@-2dB | bm3_kin | seed=2  (411/475)
         → macro_F1=80.29%  (480s)
  [RUN]  impulsive@-2dB | cnn1d | seed=2  (412/475)
         → macro_F1=68.01%  (181s)
  [RUN]  impulsive@-2dB | tcn | seed=2  (413/475)
         → macro_F1=69.69%  (210s)
  [RUN]  impulsive@-2dB | cnnlstm | seed=2  (414/475)
         → macro_F1=74.89%  (181s)
  [RUN]  impulsive@-2dB | s4d | seed=2  (415/475)
         → macro_F1=71.10%  (271s)
  [RUN]  impulsive@-2dB | bm3_kin | seed=3  (416/475)
         → macro_F1=93.29%  (479s)
  [RUN]  impulsive@-2dB | cnn1d | seed=3  (417/475)
         → macro_F1=68.80%  (181s)
  [RUN]  impulsive@-2dB | tcn | seed=3  (418/475)
         → macro_F1=71.34%  (210s)
  [RUN]  impulsive@-2dB | cnnlstm | seed=3  (419/475)
         → macro_F1=74.39%  (178s)
  [RUN]  impulsive@-2dB | s4d | seed=3  (420/475)
         → macro_F1=79.81%  (260s)
  [RUN]  impulsive@-2dB | bm3_kin | seed=4  (421/475)
         → macro_F1=89.36%  (486s)
  [RUN]  impulsive@-2dB | cnn1d | seed=4  (422/475)
         → macro_F1=72.20%  (181s)
  [RUN]  impulsive@-2dB | tcn | seed=4  (423/475)
         → macro_F1=75.26%  (209s)
  [RUN]  impulsive@-2dB | cnnlstm | seed=4  (424/475)
         → macro_F1=75.41%  (179s)
  [RUN]  impulsive@-2dB | s4d | seed=4  (425/475)
         → macro_F1=84.31%  (263s)
  [RUN]  impulsive@-6dB | bm3_kin | seed=0  (426/475)
         → macro_F1=92.30%  (477s)
  [RUN]  impulsive@-6dB | cnn1d | seed=0  (427/475)
         → macro_F1=72.11%  (181s)
  [RUN]  impulsive@-6dB | tcn | seed=0  (428/475)
         → macro_F1=66.04%  (210s)
  [RUN]  impulsive@-6dB | cnnlstm | seed=0  (429/475)
         → macro_F1=71.30%  (186s)
  [RUN]  impulsive@-6dB | s4d | seed=0  (430/475)
         → macro_F1=76.67%  (262s)
  [RUN]  impulsive@-6dB | bm3_kin | seed=1  (431/475)
         → macro_F1=92.15%  (480s)
  [RUN]  impulsive@-6dB | cnn1d | seed=1  (432/475)
         → macro_F1=71.30%  (180s)
  [RUN]  impulsive@-6dB | tcn | seed=1  (433/475)
         → macro_F1=74.27%  (209s)
  [RUN]  impulsive@-6dB | cnnlstm | seed=1  (434/475)
         → macro_F1=78.05%  (177s)
  [RUN]  impulsive@-6dB | s4d | seed=1  (435/475)
         → macro_F1=72.42%  (261s)
  [RUN]  impulsive@-6dB | bm3_kin | seed=2  (436/475)
         → macro_F1=82.82%  (477s)
  [RUN]  impulsive@-6dB | cnn1d | seed=2  (437/475)
         → macro_F1=69.27%  (174s)
  [RUN]  impulsive@-6dB | tcn | seed=2  (438/475)
         → macro_F1=68.57%  (217s)
  [RUN]  impulsive@-6dB | cnnlstm | seed=2  (439/475)
         → macro_F1=70.65%  (174s)
  [RUN]  impulsive@-6dB | s4d | seed=2  (440/475)
         → macro_F1=71.36%  (257s)
  [RUN]  impulsive@-6dB | bm3_kin | seed=3  (441/475)
         → macro_F1=97.11%  (471s)
  [RUN]  impulsive@-6dB | cnn1d | seed=3  (442/475)
         → macro_F1=66.17%  (183s)
  [RUN]  impulsive@-6dB | tcn | seed=3  (443/475)
         → macro_F1=65.55%  (210s)
  [RUN]  impulsive@-6dB | cnnlstm | seed=3  (444/475)
         → macro_F1=73.25%  (177s)
  [RUN]  impulsive@-6dB | s4d | seed=3  (445/475)
         → macro_F1=74.98%  (265s)
  [RUN]  impulsive@-6dB | bm3_kin | seed=4  (446/475)
         → macro_F1=94.54%  (470s)
  [RUN]  impulsive@-6dB | cnn1d | seed=4  (447/475)
         → macro_F1=70.52%  (180s)
  [RUN]  impulsive@-6dB | tcn | seed=4  (448/475)
         → macro_F1=73.90%  (208s)
  [RUN]  impulsive@-6dB | cnnlstm | seed=4  (449/475)
         → macro_F1=75.81%  (176s)
  [RUN]  impulsive@-6dB | s4d | seed=4  (450/475)
         → macro_F1=82.90%  (268s)
  [RUN]  impulsive@-10dB | bm3_kin | seed=0  (451/475)
         → macro_F1=93.51%  (470s)
  [RUN]  impulsive@-10dB | cnn1d | seed=0  (452/475)
         → macro_F1=66.29%  (178s)
  [RUN]  impulsive@-10dB | tcn | seed=0  (453/475)
         → macro_F1=63.63%  (206s)
  [RUN]  impulsive@-10dB | cnnlstm | seed=0  (454/475)
         → macro_F1=64.14%  (178s)
  [RUN]  impulsive@-10dB | s4d | seed=0  (455/475)
         → macro_F1=77.55%  (261s)
  [RUN]  impulsive@-10dB | bm3_kin | seed=1  (456/475)
         → macro_F1=91.97%  (479s)
  [RUN]  impulsive@-10dB | cnn1d | seed=1  (457/475)
         → macro_F1=63.48%  (181s)
  [RUN]  impulsive@-10dB | tcn | seed=1  (458/475)
         → macro_F1=68.95%  (206s)
  [RUN]  impulsive@-10dB | cnnlstm | seed=1  (459/475)
         → macro_F1=71.58%  (175s)
  [RUN]  impulsive@-10dB | s4d | seed=1  (460/475)
         → macro_F1=68.62%  (260s)
  [RUN]  impulsive@-10dB | bm3_kin | seed=2  (461/475)
         → macro_F1=88.01%  (467s)
  [RUN]  impulsive@-10dB | cnn1d | seed=2  (462/475)
         → macro_F1=65.83%  (180s)
  [RUN]  impulsive@-10dB | tcn | seed=2  (463/475)
         → macro_F1=66.51%  (206s)
  [RUN]  impulsive@-10dB | cnnlstm | seed=2  (464/475)
         → macro_F1=66.88%  (182s)
  [RUN]  impulsive@-10dB | s4d | seed=2  (465/475)
         → macro_F1=69.73%  (260s)
  [RUN]  impulsive@-10dB | bm3_kin | seed=3  (466/475)
         → macro_F1=94.28%  (464s)
  [RUN]  impulsive@-10dB | cnn1d | seed=3  (467/475)
         → macro_F1=66.95%  (181s)
  [RUN]  impulsive@-10dB | tcn | seed=3  (468/475)
         → macro_F1=68.99%  (207s)
  [RUN]  impulsive@-10dB | cnnlstm | seed=3  (469/475)
         → macro_F1=76.05%  (176s)
  [RUN]  impulsive@-10dB | s4d | seed=3  (470/475)
         → macro_F1=63.60%  (257s)
  [RUN]  impulsive@-10dB | bm3_kin | seed=4  (471/475)
         → macro_F1=93.61%  (480s)
  [RUN]  impulsive@-10dB | cnn1d | seed=4  (472/475)
         → macro_F1=69.31%  (184s)
  [RUN]  impulsive@-10dB | tcn | seed=4  (473/475)
         → macro_F1=68.15%  (210s)
  [RUN]  impulsive@-10dB | cnnlstm | seed=4  (474/475)
         → macro_F1=68.97%  (184s)
  [RUN]  impulsive@-10dB | s4d | seed=4  (475/475)
         → macro_F1=78.32%  (262s)
[DONE] cells.jsonl written (475 cells)

[VERDICT] c — CLAIM_FALSIFIED
  clean BM3 vs best-BL: -1.84pp
  BM3 wins non-Gaussian: 10/12
  BM3 wins AWGN:         6/4

[COMPLETE] Results in results/fullgrid_fixed_20260628-2248/
