[START] device=cuda  run_dir=/home/jeffwork/exp/bm3-defense/xjtu_noisy_defense_20260627/results/fullgrid_20260627-1731
[INIT] eval_sha256=6c20b367522c...
[NOISE] Running independent noise verification...
[NOISE] all_pass=True ✓
[GRID] 325 cells total, 0 already done, 325 to run
  [RUN]  clean | bm3_kin | seed=0  (1/325)
         → macro_F1=71.92%  (468s)
  [RUN]  clean | cnn1d | seed=0  (2/325)
         → macro_F1=41.08%  (72s)
  [RUN]  clean | tcn | seed=0  (3/325)
         → macro_F1=42.05%  (140s)
  [RUN]  clean | cnnlstm | seed=0  (4/325)
         → macro_F1=63.91%  (77s)
  [RUN]  clean | s4d | seed=0  (5/325)
         → macro_F1=77.73%  (203s)
  [RUN]  clean | bm3_kin | seed=1  (6/325)
         → macro_F1=82.72%  (396s)
  [RUN]  clean | cnn1d | seed=1  (7/325)
         → macro_F1=41.56%  (73s)
  [RUN]  clean | tcn | seed=1  (8/325)
         → macro_F1=45.02%  (139s)
  [RUN]  clean | cnnlstm | seed=1  (9/325)
         → macro_F1=55.76%  (76s)
  [RUN]  clean | s4d | seed=1  (10/325)
         → macro_F1=84.01%  (199s)
  [RUN]  clean | bm3_kin | seed=2  (11/325)
         → macro_F1=69.90%  (397s)
  [RUN]  clean | cnn1d | seed=2  (12/325)
         → macro_F1=45.42%  (78s)
  [RUN]  clean | tcn | seed=2  (13/325)
         → macro_F1=52.36%  (143s)
  [RUN]  clean | cnnlstm | seed=2  (14/325)
         → macro_F1=53.48%  (75s)
  [RUN]  clean | s4d | seed=2  (15/325)
         → macro_F1=72.94%  (203s)
  [RUN]  clean | bm3_kin | seed=3  (16/325)
         → macro_F1=93.91%  (404s)
  [RUN]  clean | cnn1d | seed=3  (17/325)
         → macro_F1=40.28%  (72s)
  [RUN]  clean | tcn | seed=3  (18/325)
         → macro_F1=51.69%  (145s)
  [RUN]  clean | cnnlstm | seed=3  (19/325)
         → macro_F1=51.31%  (75s)
  [RUN]  clean | s4d | seed=3  (20/325)
         → macro_F1=81.91%  (204s)
  [RUN]  clean | bm3_kin | seed=4  (21/325)
         → macro_F1=81.73%  (397s)
  [RUN]  clean | cnn1d | seed=4  (22/325)
         → macro_F1=41.32%  (74s)
  [RUN]  clean | tcn | seed=4  (23/325)
         → macro_F1=44.28%  (152s)
  [RUN]  clean | cnnlstm | seed=4  (24/325)
         → macro_F1=56.27%  (75s)
  [RUN]  clean | s4d | seed=4  (25/325)
         → macro_F1=88.31%  (203s)
  [RUN]  awgn@+0dB | bm3_kin | seed=0  (26/325)
         → macro_F1=49.58%  (427s)
  [RUN]  awgn@+0dB | cnn1d | seed=0  (27/325)
         → macro_F1=45.24%  (114s)
  [RUN]  awgn@+0dB | tcn | seed=0  (28/325)
         → macro_F1=47.99%  (158s)
  [RUN]  awgn@+0dB | cnnlstm | seed=0  (29/325)
