[START] device=cuda  run_dir=results/fullgrid_20260627-1731
[INIT] eval_sha256=6c20b367522c...
[GRID] 325 cells total, 28 already done, 297 to run
  [SKIP] clean | bm3_kin | seed=0
  [SKIP] clean | cnn1d | seed=0
  [SKIP] clean | tcn | seed=0
  [SKIP] clean | cnnlstm | seed=0
  [SKIP] clean | s4d | seed=0
  [SKIP] clean | bm3_kin | seed=1
  [SKIP] clean | cnn1d | seed=1
  [SKIP] clean | tcn | seed=1
  [SKIP] clean | cnnlstm | seed=1
  [SKIP] clean | s4d | seed=1
  [SKIP] clean | bm3_kin | seed=2
  [SKIP] clean | cnn1d | seed=2
  [SKIP] clean | tcn | seed=2
  [SKIP] clean | cnnlstm | seed=2
  [SKIP] clean | s4d | seed=2
  [SKIP] clean | bm3_kin | seed=3
  [SKIP] clean | cnn1d | seed=3
  [SKIP] clean | tcn | seed=3
  [SKIP] clean | cnnlstm | seed=3
  [SKIP] clean | s4d | seed=3
  [SKIP] clean | bm3_kin | seed=4
  [SKIP] clean | cnn1d | seed=4
  [SKIP] clean | tcn | seed=4
  [SKIP] clean | cnnlstm | seed=4
  [SKIP] clean | s4d | seed=4
  [SKIP] awgn@+0dB | bm3_kin | seed=0
  [SKIP] awgn@+0dB | cnn1d | seed=0
  [SKIP] awgn@+0dB | tcn | seed=0
  [RUN]  awgn@+0dB | cnnlstm | seed=0  (29/325)
         → macro_F1=45.64%  (118s)
  [RUN]  awgn@+0dB | s4d | seed=0  (30/325)
         → macro_F1=48.85%  (239s)
  [RUN]  awgn@+0dB | bm3_kin | seed=1  (31/325)
         → macro_F1=48.71%  (456s)
  [RUN]  awgn@+0dB | cnn1d | seed=1  (32/325)
         → macro_F1=41.82%  (124s)
  [RUN]  awgn@+0dB | tcn | seed=1  (33/325)
         → macro_F1=47.66%  (165s)
  [RUN]  awgn@+0dB | cnnlstm | seed=1  (34/325)
         → macro_F1=46.87%  (117s)
  [RUN]  awgn@+0dB | s4d | seed=1  (35/325)
         → macro_F1=49.21%  (229s)
  [RUN]  awgn@+0dB | bm3_kin | seed=2  (36/325)
         → macro_F1=48.81%  (417s)
  [RUN]  awgn@+0dB | cnn1d | seed=2  (37/325)
         → macro_F1=43.25%  (115s)
  [RUN]  awgn@+0dB | tcn | seed=2  (38/325)
         → macro_F1=45.39%  (156s)
  [RUN]  awgn@+0dB | cnnlstm | seed=2  (39/325)
         → macro_F1=48.37%  (118s)
  [RUN]  awgn@+0dB | s4d | seed=2  (40/325)
         → macro_F1=49.65%  (217s)
  [RUN]  awgn@+0dB | bm3_kin | seed=3  (41/325)
         → macro_F1=48.56%  (407s)
  [RUN]  awgn@+0dB | cnn1d | seed=3  (42/325)
         → macro_F1=39.64%  (116s)
  [RUN]  awgn@+0dB | tcn | seed=3  (43/325)
         → macro_F1=44.83%  (159s)
  [RUN]  awgn@+0dB | cnnlstm | seed=3  (44/325)
         → macro_F1=44.30%  (117s)
  [RUN]  awgn@+0dB | s4d | seed=3  (45/325)
         → macro_F1=50.81%  (216s)
  [RUN]  awgn@+0dB | bm3_kin | seed=4  (46/325)
         → macro_F1=49.11%  (411s)
  [RUN]  awgn@+0dB | cnn1d | seed=4  (47/325)
         → macro_F1=44.95%  (116s)
  [RUN]  awgn@+0dB | tcn | seed=4  (48/325)
         → macro_F1=42.72%  (157s)
  [RUN]  awgn@+0dB | cnnlstm | seed=4  (49/325)
         → macro_F1=42.31%  (116s)
  [RUN]  awgn@+0dB | s4d | seed=4  (50/325)
         → macro_F1=49.96%  (215s)
  [RUN]  awgn@-2dB | bm3_kin | seed=0  (51/325)
         → macro_F1=49.40%  (410s)
  [RUN]  awgn@-2dB | cnn1d | seed=0  (52/325)
         → macro_F1=44.97%  (119s)
  [RUN]  awgn@-2dB | tcn | seed=0  (53/325)
         → macro_F1=47.32%  (168s)
  [RUN]  awgn@-2dB | cnnlstm | seed=0  (54/325)
         → macro_F1=46.53%  (113s)
  [RUN]  awgn@-2dB | s4d | seed=0  (55/325)
         → macro_F1=49.71%  (217s)
  [RUN]  awgn@-2dB | bm3_kin | seed=1  (56/325)
         → macro_F1=48.87%  (415s)
  [RUN]  awgn@-2dB | cnn1d | seed=1  (57/325)
         → macro_F1=41.18%  (119s)
  [RUN]  awgn@-2dB | tcn | seed=1  (58/325)
         → macro_F1=48.90%  (161s)
  [RUN]  awgn@-2dB | cnnlstm | seed=1  (59/325)
         → macro_F1=47.12%  (118s)
  [RUN]  awgn@-2dB | s4d | seed=1  (60/325)
         → macro_F1=49.37%  (219s)
  [RUN]  awgn@-2dB | bm3_kin | seed=2  (61/325)
         → macro_F1=49.35%  (429s)
  [RUN]  awgn@-2dB | cnn1d | seed=2  (62/325)
         → macro_F1=43.71%  (116s)
  [RUN]  awgn@-2dB | tcn | seed=2  (63/325)
         → macro_F1=45.43%  (161s)
  [RUN]  awgn@-2dB | cnnlstm | seed=2  (64/325)
         → macro_F1=48.23%  (115s)
  [RUN]  awgn@-2dB | s4d | seed=2  (65/325)
         → macro_F1=49.54%  (216s)
  [RUN]  awgn@-2dB | bm3_kin | seed=3  (66/325)
         → macro_F1=48.62%  (407s)
  [RUN]  awgn@-2dB | cnn1d | seed=3  (67/325)
         → macro_F1=39.96%  (127s)
  [RUN]  awgn@-2dB | tcn | seed=3  (68/325)
         → macro_F1=46.60%  (159s)
  [RUN]  awgn@-2dB | cnnlstm | seed=3  (69/325)
         → macro_F1=44.29%  (118s)
  [RUN]  awgn@-2dB | s4d | seed=3  (70/325)
         → macro_F1=50.48%  (217s)
  [RUN]  awgn@-2dB | bm3_kin | seed=4  (71/325)
         → macro_F1=48.93%  (426s)
  [RUN]  awgn@-2dB | cnn1d | seed=4  (72/325)
         → macro_F1=43.01%  (113s)
  [RUN]  awgn@-2dB | tcn | seed=4  (73/325)
         → macro_F1=46.08%  (162s)
  [RUN]  awgn@-2dB | cnnlstm | seed=4  (74/325)
         → macro_F1=42.17%  (113s)
  [RUN]  awgn@-2dB | s4d | seed=4  (75/325)
         → macro_F1=49.64%  (219s)
  [RUN]  awgn@-6dB | bm3_kin | seed=0  (76/325)
         → macro_F1=49.05%  (424s)
  [RUN]  awgn@-6dB | cnn1d | seed=0  (77/325)
         → macro_F1=45.48%  (121s)
  [RUN]  awgn@-6dB | tcn | seed=0  (78/325)
         → macro_F1=41.96%  (160s)
  [RUN]  awgn@-6dB | cnnlstm | seed=0  (79/325)
         → macro_F1=46.17%  (118s)
  [RUN]  awgn@-6dB | s4d | seed=0  (80/325)
         → macro_F1=48.66%  (219s)
  [RUN]  awgn@-6dB | bm3_kin | seed=1  (81/325)
         → macro_F1=48.45%  (433s)
  [RUN]  awgn@-6dB | cnn1d | seed=1  (82/325)
         → macro_F1=42.54%  (120s)
  [RUN]  awgn@-6dB | tcn | seed=1  (83/325)
         → macro_F1=47.88%  (163s)
  [RUN]  awgn@-6dB | cnnlstm | seed=1  (84/325)
         → macro_F1=47.37%  (120s)
  [RUN]  awgn@-6dB | s4d | seed=1  (85/325)
         → macro_F1=49.99%  (223s)
  [RUN]  awgn@-6dB | bm3_kin | seed=2  (86/325)
         → macro_F1=49.71%  (414s)
  [RUN]  awgn@-6dB | cnn1d | seed=2  (87/325)
         → macro_F1=43.30%  (120s)
  [RUN]  awgn@-6dB | tcn | seed=2  (88/325)
         → macro_F1=44.66%  (161s)
  [RUN]  awgn@-6dB | cnnlstm | seed=2  (89/325)
         → macro_F1=48.33%  (119s)
  [RUN]  awgn@-6dB | s4d | seed=2  (90/325)
         → macro_F1=49.69%  (231s)
  [RUN]  awgn@-6dB | bm3_kin | seed=3  (91/325)
         → macro_F1=48.55%  (430s)
  [RUN]  awgn@-6dB | cnn1d | seed=3  (92/325)
         → macro_F1=39.54%  (141s)
  [RUN]  awgn@-6dB | tcn | seed=3  (93/325)
         → macro_F1=46.07%  (171s)
  [RUN]  awgn@-6dB | cnnlstm | seed=3  (94/325)
         → macro_F1=44.46%  (146s)
  [RUN]  awgn@-6dB | s4d | seed=3  (95/325)
         → macro_F1=50.88%  (270s)
  [RUN]  awgn@-6dB | bm3_kin | seed=4  (96/325)
         → macro_F1=48.71%  (442s)
  [RUN]  awgn@-6dB | cnn1d | seed=4  (97/325)
         → macro_F1=45.15%  (163s)
  [RUN]  awgn@-6dB | tcn | seed=4  (98/325)
         → macro_F1=45.29%  (176s)
  [RUN]  awgn@-6dB | cnnlstm | seed=4  (99/325)
         → macro_F1=42.15%  (140s)
  [RUN]  awgn@-6dB | s4d | seed=4  (100/325)
         → macro_F1=49.71%  (247s)
  [RUN]  awgn@-10dB | bm3_kin | seed=0  (101/325)
         → macro_F1=49.25%  (446s)
  [RUN]  awgn@-10dB | cnn1d | seed=0  (102/325)
         → macro_F1=45.33%  (139s)
  [RUN]  awgn@-10dB | tcn | seed=0  (103/325)
         → macro_F1=45.31%  (168s)
  [RUN]  awgn@-10dB | cnnlstm | seed=0  (104/325)
         → macro_F1=45.79%  (128s)
  [RUN]  awgn@-10dB | s4d | seed=0  (105/325)
         → macro_F1=48.96%  (224s)
  [RUN]  awgn@-10dB | bm3_kin | seed=1  (106/325)
         → macro_F1=48.15%  (439s)
  [RUN]  awgn@-10dB | cnn1d | seed=1  (107/325)
         → macro_F1=40.84%  (133s)
  [RUN]  awgn@-10dB | tcn | seed=1  (108/325)
         → macro_F1=48.10%  (169s)
  [RUN]  awgn@-10dB | cnnlstm | seed=1  (109/325)
         → macro_F1=47.24%  (120s)
  [RUN]  awgn@-10dB | s4d | seed=1  (110/325)
         → macro_F1=49.19%  (236s)
  [RUN]  awgn@-10dB | bm3_kin | seed=2  (111/325)
         → macro_F1=46.35%  (457s)
  [RUN]  awgn@-10dB | cnn1d | seed=2  (112/325)
         → macro_F1=42.63%  (122s)
  [RUN]  awgn@-10dB | tcn | seed=2  (113/325)
         → macro_F1=47.59%  (170s)
  [RUN]  awgn@-10dB | cnnlstm | seed=2  (114/325)
         → macro_F1=48.18%  (128s)
  [RUN]  awgn@-10dB | s4d | seed=2  (115/325)
         → macro_F1=49.59%  (240s)
  [RUN]  awgn@-10dB | bm3_kin | seed=3  (116/325)
         → macro_F1=48.42%  (462s)
  [RUN]  awgn@-10dB | cnn1d | seed=3  (117/325)
         → macro_F1=40.50%  (124s)
  [RUN]  awgn@-10dB | tcn | seed=3  (118/325)
         → macro_F1=47.84%  (171s)
  [RUN]  awgn@-10dB | cnnlstm | seed=3  (119/325)
         → macro_F1=44.05%  (126s)
  [RUN]  awgn@-10dB | s4d | seed=3  (120/325)
         → macro_F1=50.97%  (240s)
  [RUN]  awgn@-10dB | bm3_kin | seed=4  (121/325)
         → macro_F1=46.43%  (466s)
  [RUN]  awgn@-10dB | cnn1d | seed=4  (122/325)
         → macro_F1=45.64%  (132s)
  [RUN]  awgn@-10dB | tcn | seed=4  (123/325)
         → macro_F1=48.00%  (170s)
  [RUN]  awgn@-10dB | cnnlstm | seed=4  (124/325)
         → macro_F1=43.48%  (122s)
  [RUN]  awgn@-10dB | s4d | seed=4  (125/325)
         → macro_F1=49.64%  (238s)
  [RUN]  pink@+0dB | bm3_kin | seed=0  (126/325)
         → macro_F1=48.37%  (475s)
  [RUN]  pink@+0dB | cnn1d | seed=0  (127/325)
         → macro_F1=42.97%  (156s)
  [RUN]  pink@+0dB | tcn | seed=0  (128/325)
         → macro_F1=45.65%  (187s)
  [RUN]  pink@+0dB | cnnlstm | seed=0  (129/325)
         → macro_F1=47.28%  (159s)
  [RUN]  pink@+0dB | s4d | seed=0  (130/325)
         → macro_F1=50.56%  (250s)
  [RUN]  pink@+0dB | bm3_kin | seed=1  (131/325)
         → macro_F1=47.94%  (484s)
  [RUN]  pink@+0dB | cnn1d | seed=1  (132/325)
         → macro_F1=43.94%  (158s)
  [RUN]  pink@+0dB | tcn | seed=1  (133/325)
         → macro_F1=46.90%  (190s)
  [RUN]  pink@+0dB | cnnlstm | seed=1  (134/325)
         → macro_F1=45.15%  (161s)
  [RUN]  pink@+0dB | s4d | seed=1  (135/325)
         → macro_F1=49.39%  (250s)
  [RUN]  pink@+0dB | bm3_kin | seed=2  (136/325)
         → macro_F1=48.44%  (479s)
  [RUN]  pink@+0dB | cnn1d | seed=2  (137/325)
         → macro_F1=44.11%  (154s)
  [RUN]  pink@+0dB | tcn | seed=2  (138/325)
         → macro_F1=48.15%  (198s)
  [RUN]  pink@+0dB | cnnlstm | seed=2  (139/325)
         → macro_F1=47.80%  (158s)
  [RUN]  pink@+0dB | s4d | seed=2  (140/325)
         → macro_F1=49.83%  (251s)
  [RUN]  pink@+0dB | bm3_kin | seed=3  (141/325)
         → macro_F1=49.79%  (474s)
  [RUN]  pink@+0dB | cnn1d | seed=3  (142/325)
         → macro_F1=42.81%  (154s)
  [RUN]  pink@+0dB | tcn | seed=3  (143/325)
         → macro_F1=47.88%  (184s)
  [RUN]  pink@+0dB | cnnlstm | seed=3  (144/325)
         → macro_F1=45.42%  (152s)
  [RUN]  pink@+0dB | s4d | seed=3  (145/325)
         → macro_F1=49.74%  (250s)
  [RUN]  pink@+0dB | bm3_kin | seed=4  (146/325)
         → macro_F1=49.65%  (489s)
  [RUN]  pink@+0dB | cnn1d | seed=4  (147/325)
         → macro_F1=38.35%  (154s)
  [RUN]  pink@+0dB | tcn | seed=4  (148/325)
         → macro_F1=49.37%  (184s)
  [RUN]  pink@+0dB | cnnlstm | seed=4  (149/325)
         → macro_F1=45.14%  (154s)
  [RUN]  pink@+0dB | s4d | seed=4  (150/325)
         → macro_F1=50.04%  (250s)
  [RUN]  pink@-2dB | bm3_kin | seed=0  (151/325)
         → macro_F1=48.16%  (474s)
  [RUN]  pink@-2dB | cnn1d | seed=0  (152/325)
         → macro_F1=39.96%  (154s)
  [RUN]  pink@-2dB | tcn | seed=0  (153/325)
         → macro_F1=47.47%  (194s)
  [RUN]  pink@-2dB | cnnlstm | seed=0  (154/325)
         → macro_F1=47.67%  (152s)
  [RUN]  pink@-2dB | s4d | seed=0  (155/325)
         → macro_F1=50.00%  (252s)
  [RUN]  pink@-2dB | bm3_kin | seed=1  (156/325)
         → macro_F1=48.75%  (469s)
  [RUN]  pink@-2dB | cnn1d | seed=1  (157/325)
         → macro_F1=46.77%  (156s)
  [RUN]  pink@-2dB | tcn | seed=1  (158/325)
         → macro_F1=47.58%  (185s)
  [RUN]  pink@-2dB | cnnlstm | seed=1  (159/325)
         → macro_F1=45.73%  (161s)
  [RUN]  pink@-2dB | s4d | seed=1  (160/325)
         → macro_F1=49.51%  (248s)
  [RUN]  pink@-2dB | bm3_kin | seed=2  (161/325)
         → macro_F1=48.18%  (487s)
  [RUN]  pink@-2dB | cnn1d | seed=2  (162/325)
         → macro_F1=45.30%  (157s)
  [RUN]  pink@-2dB | tcn | seed=2  (163/325)
         → macro_F1=46.57%  (184s)
  [RUN]  pink@-2dB | cnnlstm | seed=2  (164/325)
         → macro_F1=47.64%  (154s)
  [RUN]  pink@-2dB | s4d | seed=2  (165/325)
         → macro_F1=50.61%  (251s)
  [RUN]  pink@-2dB | bm3_kin | seed=3  (166/325)
         → macro_F1=50.03%  (474s)
  [RUN]  pink@-2dB | cnn1d | seed=3  (167/325)
         → macro_F1=44.69%  (163s)
  [RUN]  pink@-2dB | tcn | seed=3  (168/325)
         → macro_F1=47.73%  (187s)
  [RUN]  pink@-2dB | cnnlstm | seed=3  (169/325)
         → macro_F1=45.22%  (154s)
  [RUN]  pink@-2dB | s4d | seed=3  (170/325)
         → macro_F1=49.88%  (250s)
  [RUN]  pink@-2dB | bm3_kin | seed=4  (171/325)
         → macro_F1=49.53%  (472s)
  [RUN]  pink@-2dB | cnn1d | seed=4  (172/325)
         → macro_F1=44.94%  (154s)
  [RUN]  pink@-2dB | tcn | seed=4  (173/325)
         → macro_F1=45.66%  (186s)
  [RUN]  pink@-2dB | cnnlstm | seed=4  (174/325)
         → macro_F1=46.19%  (155s)
  [RUN]  pink@-2dB | s4d | seed=4  (175/325)
         → macro_F1=50.29%  (264s)
  [RUN]  pink@-6dB | bm3_kin | seed=0  (176/325)
         → macro_F1=48.47%  (471s)
  [RUN]  pink@-6dB | cnn1d | seed=0  (177/325)
         → macro_F1=40.08%  (154s)
  [RUN]  pink@-6dB | tcn | seed=0  (178/325)
         → macro_F1=45.21%  (185s)
  [RUN]  pink@-6dB | cnnlstm | seed=0  (179/325)
         → macro_F1=47.47%  (157s)
  [RUN]  pink@-6dB | s4d | seed=0  (180/325)
         → macro_F1=50.15%  (251s)
  [RUN]  pink@-6dB | bm3_kin | seed=1  (181/325)
         → macro_F1=48.24%  (476s)
  [RUN]  pink@-6dB | cnn1d | seed=1  (182/325)
         → macro_F1=44.47%  (162s)
  [RUN]  pink@-6dB | tcn | seed=1  (183/325)
         → macro_F1=48.43%  (185s)
  [RUN]  pink@-6dB | cnnlstm | seed=1  (184/325)
         → macro_F1=46.06%  (157s)
  [RUN]  pink@-6dB | s4d | seed=1  (185/325)
         → macro_F1=49.13%  (252s)
  [RUN]  pink@-6dB | bm3_kin | seed=2  (186/325)
         → macro_F1=47.64%  (476s)
  [RUN]  pink@-6dB | cnn1d | seed=2  (187/325)
         → macro_F1=45.09%  (156s)
  [RUN]  pink@-6dB | tcn | seed=2  (188/325)
         → macro_F1=47.09%  (185s)
  [RUN]  pink@-6dB | cnnlstm | seed=2  (189/325)
         → macro_F1=47.31%  (155s)
  [RUN]  pink@-6dB | s4d | seed=2  (190/325)
         → macro_F1=50.03%  (268s)
  [RUN]  pink@-6dB | bm3_kin | seed=3  (191/325)
         → macro_F1=49.89%  (479s)
  [RUN]  pink@-6dB | cnn1d | seed=3  (192/325)
         → macro_F1=41.57%  (155s)
  [RUN]  pink@-6dB | tcn | seed=3  (193/325)
         → macro_F1=48.62%  (186s)
  [RUN]  pink@-6dB | cnnlstm | seed=3  (194/325)
         → macro_F1=45.34%  (156s)
  [RUN]  pink@-6dB | s4d | seed=3  (195/325)
         → macro_F1=49.83%  (251s)
  [RUN]  pink@-6dB | bm3_kin | seed=4  (196/325)
         → macro_F1=48.55%  (491s)
  [RUN]  pink@-6dB | cnn1d | seed=4  (197/325)
         → macro_F1=44.89%  (157s)
  [RUN]  pink@-6dB | tcn | seed=4  (198/325)
         → macro_F1=47.04%  (187s)
  [RUN]  pink@-6dB | cnnlstm | seed=4  (199/325)
         → macro_F1=45.20%  (154s)
  [RUN]  pink@-6dB | s4d | seed=4  (200/325)
         → macro_F1=50.74%  (251s)
  [RUN]  pink@-10dB | bm3_kin | seed=0  (201/325)
         → macro_F1=48.02%  (473s)
  [RUN]  pink@-10dB | cnn1d | seed=0  (202/325)
         → macro_F1=43.09%  (159s)
  [RUN]  pink@-10dB | tcn | seed=0  (203/325)
         → macro_F1=48.91%  (191s)
  [RUN]  pink@-10dB | cnnlstm | seed=0  (204/325)
         → macro_F1=47.33%  (166s)
  [RUN]  pink@-10dB | s4d | seed=0  (205/325)
         → macro_F1=50.36%  (251s)
  [RUN]  pink@-10dB | bm3_kin | seed=1  (206/325)
         → macro_F1=48.02%  (469s)
  [RUN]  pink@-10dB | cnn1d | seed=1  (207/325)
         → macro_F1=46.28%  (155s)
  [RUN]  pink@-10dB | tcn | seed=1  (208/325)
         → macro_F1=46.40%  (190s)
  [RUN]  pink@-10dB | cnnlstm | seed=1  (209/325)
         → macro_F1=46.65%  (155s)
  [RUN]  pink@-10dB | s4d | seed=1  (210/325)
         → macro_F1=49.28%  (252s)
  [RUN]  pink@-10dB | bm3_kin | seed=2  (211/325)
         → macro_F1=48.08%  (485s)
  [RUN]  pink@-10dB | cnn1d | seed=2  (212/325)
         → macro_F1=46.94%  (163s)
  [RUN]  pink@-10dB | tcn | seed=2  (213/325)
         → macro_F1=48.95%  (187s)
  [RUN]  pink@-10dB | cnnlstm | seed=2  (214/325)
         → macro_F1=47.34%  (157s)
  [RUN]  pink@-10dB | s4d | seed=2  (215/325)
         → macro_F1=49.94%  (252s)
  [RUN]  pink@-10dB | bm3_kin | seed=3  (216/325)
         → macro_F1=49.00%  (464s)
  [RUN]  pink@-10dB | cnn1d | seed=3  (217/325)
         → macro_F1=41.54%  (156s)
  [RUN]  pink@-10dB | tcn | seed=3  (218/325)
         → macro_F1=48.87%  (191s)
  [RUN]  pink@-10dB | cnnlstm | seed=3  (219/325)
         → macro_F1=45.21%  (163s)
  [RUN]  pink@-10dB | s4d | seed=3  (220/325)
         → macro_F1=49.68%  (252s)
  [RUN]  pink@-10dB | bm3_kin | seed=4  (221/325)
         → macro_F1=49.47%  (465s)
  [RUN]  pink@-10dB | cnn1d | seed=4  (222/325)
         → macro_F1=43.56%  (156s)
  [RUN]  pink@-10dB | tcn | seed=4  (223/325)
         → macro_F1=45.09%  (187s)
  [RUN]  pink@-10dB | cnnlstm | seed=4  (224/325)
         → macro_F1=45.05%  (158s)
  [RUN]  pink@-10dB | s4d | seed=4  (225/325)
         → macro_F1=50.55%  (250s)
  [RUN]  impulsive@+0dB | bm3_kin | seed=0  (226/325)
         → macro_F1=49.13%  (486s)
  [RUN]  impulsive@+0dB | cnn1d | seed=0  (227/325)
         → macro_F1=48.38%  (176s)
  [RUN]  impulsive@+0dB | tcn | seed=0  (228/325)
         → macro_F1=49.30%  (212s)
  [RUN]  impulsive@+0dB | cnnlstm | seed=0  (229/325)
         → macro_F1=47.20%  (182s)
  [RUN]  impulsive@+0dB | s4d | seed=0  (230/325)
         → macro_F1=50.19%  (260s)
  [RUN]  impulsive@+0dB | bm3_kin | seed=1  (231/325)
         → macro_F1=49.54%  (474s)
  [RUN]  impulsive@+0dB | cnn1d | seed=1  (232/325)
         → macro_F1=47.04%  (190s)
  [RUN]  impulsive@+0dB | tcn | seed=1  (233/325)
         → macro_F1=49.44%  (239s)
  [RUN]  impulsive@+0dB | cnnlstm | seed=1  (234/325)
         → macro_F1=46.45%  (183s)
  [RUN]  impulsive@+0dB | s4d | seed=1  (235/325)
         → macro_F1=49.99%  (263s)
  [RUN]  impulsive@+0dB | bm3_kin | seed=2  (236/325)
         → macro_F1=48.10%  (479s)
  [RUN]  impulsive@+0dB | cnn1d | seed=2  (237/325)
         → macro_F1=46.92%  (196s)
  [RUN]  impulsive@+0dB | tcn | seed=2  (238/325)
         → macro_F1=50.19%  (207s)
  [RUN]  impulsive@+0dB | cnnlstm | seed=2  (239/325)
         → macro_F1=47.92%  (174s)
  [RUN]  impulsive@+0dB | s4d | seed=2  (240/325)
         → macro_F1=48.95%  (282s)
  [RUN]  impulsive@+0dB | bm3_kin | seed=3  (241/325)
         → macro_F1=49.58%  (477s)
  [RUN]  impulsive@+0dB | cnn1d | seed=3  (242/325)
         → macro_F1=48.76%  (184s)
  [RUN]  impulsive@+0dB | tcn | seed=3  (243/325)
         → macro_F1=49.05%  (204s)
  [RUN]  impulsive@+0dB | cnnlstm | seed=3  (244/325)
         → macro_F1=47.70%  (175s)
  [RUN]  impulsive@+0dB | s4d | seed=3  (245/325)
         → macro_F1=50.11%  (255s)
  [RUN]  impulsive@+0dB | bm3_kin | seed=4  (246/325)
         → macro_F1=48.51%  (499s)
  [RUN]  impulsive@+0dB | cnn1d | seed=4  (247/325)
         → macro_F1=45.11%  (178s)
  [RUN]  impulsive@+0dB | tcn | seed=4  (248/325)
         → macro_F1=48.81%  (206s)
  [RUN]  impulsive@+0dB | cnnlstm | seed=4  (249/325)
         → macro_F1=48.39%  (182s)
  [RUN]  impulsive@+0dB | s4d | seed=4  (250/325)
         → macro_F1=48.64%  (258s)
  [RUN]  impulsive@-2dB | bm3_kin | seed=0  (251/325)
         → macro_F1=49.25%  (475s)
  [RUN]  impulsive@-2dB | cnn1d | seed=0  (252/325)
         → macro_F1=47.92%  (178s)
  [RUN]  impulsive@-2dB | tcn | seed=0  (253/325)
         → macro_F1=49.11%  (233s)
  [RUN]  impulsive@-2dB | cnnlstm | seed=0  (254/325)
         → macro_F1=46.36%  (175s)
  [RUN]  impulsive@-2dB | s4d | seed=0  (255/325)
         → macro_F1=50.21%  (255s)
  [RUN]  impulsive@-2dB | bm3_kin | seed=1  (256/325)
         → macro_F1=49.76%  (473s)
  [RUN]  impulsive@-2dB | cnn1d | seed=1  (257/325)
         → macro_F1=47.81%  (177s)
  [RUN]  impulsive@-2dB | tcn | seed=1  (258/325)
         → macro_F1=48.80%  (203s)
  [RUN]  impulsive@-2dB | cnnlstm | seed=1  (259/325)
         → macro_F1=46.92%  (173s)
  [RUN]  impulsive@-2dB | s4d | seed=1  (260/325)
         → macro_F1=49.92%  (260s)
  [RUN]  impulsive@-2dB | bm3_kin | seed=2  (261/325)
         → macro_F1=48.98%  (502s)
  [RUN]  impulsive@-2dB | cnn1d | seed=2  (262/325)
         → macro_F1=45.91%  (178s)
  [RUN]  impulsive@-2dB | tcn | seed=2  (263/325)
         → macro_F1=49.91%  (205s)
  [RUN]  impulsive@-2dB | cnnlstm | seed=2  (264/325)
         → macro_F1=47.63%  (175s)
  [RUN]  impulsive@-2dB | s4d | seed=2  (265/325)
         → macro_F1=49.43%  (258s)
  [RUN]  impulsive@-2dB | bm3_kin | seed=3  (266/325)
         → macro_F1=49.75%  (459s)
  [RUN]  impulsive@-2dB | cnn1d | seed=3  (267/325)
         → macro_F1=48.64%  (184s)
  [RUN]  impulsive@-2dB | tcn | seed=3  (268/325)
         → macro_F1=48.88%  (205s)
  [RUN]  impulsive@-2dB | cnnlstm | seed=3  (269/325)
         → macro_F1=46.33%  (175s)
  [RUN]  impulsive@-2dB | s4d | seed=3  (270/325)
         → macro_F1=50.02%  (267s)
  [RUN]  impulsive@-2dB | bm3_kin | seed=4  (271/325)
         → macro_F1=48.62%  (484s)
  [RUN]  impulsive@-2dB | cnn1d | seed=4  (272/325)
         → macro_F1=48.25%  (182s)
  [RUN]  impulsive@-2dB | tcn | seed=4  (273/325)
         → macro_F1=49.09%  (205s)
  [RUN]  impulsive@-2dB | cnnlstm | seed=4  (274/325)
         → macro_F1=48.54%  (201s)
  [RUN]  impulsive@-2dB | s4d | seed=4  (275/325)
         → macro_F1=48.55%  (262s)
  [RUN]  impulsive@-6dB | bm3_kin | seed=0  (276/325)
         → macro_F1=48.76%  (481s)
  [RUN]  impulsive@-6dB | cnn1d | seed=0  (277/325)
         → macro_F1=48.69%  (176s)
  [RUN]  impulsive@-6dB | tcn | seed=0  (278/325)
         → macro_F1=49.38%  (208s)
  [RUN]  impulsive@-6dB | cnnlstm | seed=0  (279/325)
         → macro_F1=46.94%  (174s)
  [RUN]  impulsive@-6dB | s4d | seed=0  (280/325)
         → macro_F1=50.43%  (258s)
  [RUN]  impulsive@-6dB | bm3_kin | seed=1  (281/325)
         → macro_F1=49.53%  (509s)
  [RUN]  impulsive@-6dB | cnn1d | seed=1  (282/325)
         → macro_F1=46.79%  (184s)
  [RUN]  impulsive@-6dB | tcn | seed=1  (283/325)
         → macro_F1=48.66%  (205s)
  [RUN]  impulsive@-6dB | cnnlstm | seed=1  (284/325)
         → macro_F1=47.54%  (177s)
  [RUN]  impulsive@-6dB | s4d | seed=1  (285/325)
         → macro_F1=49.93%  (260s)
  [RUN]  impulsive@-6dB | bm3_kin | seed=2  (286/325)
         → macro_F1=49.23%  (478s)
  [RUN]  impulsive@-6dB | cnn1d | seed=2  (287/325)
         → macro_F1=47.18%  (192s)
  [RUN]  impulsive@-6dB | tcn | seed=2  (288/325)
         → macro_F1=49.80%  (202s)
  [RUN]  impulsive@-6dB | cnnlstm | seed=2  (289/325)
         → macro_F1=48.18%  (175s)
  [RUN]  impulsive@-6dB | s4d | seed=2  (290/325)
         → macro_F1=49.47%  (259s)
  [RUN]  impulsive@-6dB | bm3_kin | seed=3  (291/325)
         → macro_F1=49.65%  (479s)
  [RUN]  impulsive@-6dB | cnn1d | seed=3  (292/325)
         → macro_F1=47.56%  (175s)
  [RUN]  impulsive@-6dB | tcn | seed=3  (293/325)
         → macro_F1=49.66%  (202s)
  [RUN]  impulsive@-6dB | cnnlstm | seed=3  (294/325)
         → macro_F1=46.61%  (172s)
  [RUN]  impulsive@-6dB | s4d | seed=3  (295/325)
         → macro_F1=49.86%  (282s)
  [RUN]  impulsive@-6dB | bm3_kin | seed=4  (296/325)
         → macro_F1=49.21%  (479s)
  [RUN]  impulsive@-6dB | cnn1d | seed=4  (297/325)
         → macro_F1=46.43%  (172s)
  [RUN]  impulsive@-6dB | tcn | seed=4  (298/325)
         → macro_F1=49.46%  (204s)
  [RUN]  impulsive@-6dB | cnnlstm | seed=4  (299/325)
         → macro_F1=48.24%  (173s)
  [RUN]  impulsive@-6dB | s4d | seed=4  (300/325)
         → macro_F1=48.33%  (260s)
  [RUN]  impulsive@-10dB | bm3_kin | seed=0  (301/325)
         → macro_F1=48.81%  (516s)
  [RUN]  impulsive@-10dB | cnn1d | seed=0  (302/325)
         → macro_F1=48.03%  (181s)
  [RUN]  impulsive@-10dB | tcn | seed=0  (303/325)
         → macro_F1=49.78%  (203s)
  [RUN]  impulsive@-10dB | cnnlstm | seed=0  (304/325)
         → macro_F1=46.89%  (174s)
  [RUN]  impulsive@-10dB | s4d | seed=0  (305/325)
         → macro_F1=50.64%  (260s)
  [RUN]  impulsive@-10dB | bm3_kin | seed=1  (306/325)
         → macro_F1=49.10%  (479s)
  [RUN]  impulsive@-10dB | cnn1d | seed=1  (307/325)
         → macro_F1=47.24%  (174s)
  [RUN]  impulsive@-10dB | tcn | seed=1  (308/325)
         → macro_F1=48.72%  (232s)
  [RUN]  impulsive@-10dB | cnnlstm | seed=1  (309/325)
         → macro_F1=46.89%  (174s)
  [RUN]  impulsive@-10dB | s4d | seed=1  (310/325)
         → macro_F1=49.81%  (257s)
  [RUN]  impulsive@-10dB | bm3_kin | seed=2  (311/325)
         → macro_F1=49.87%  (483s)
  [RUN]  impulsive@-10dB | cnn1d | seed=2  (312/325)
         → macro_F1=48.12%  (175s)
  [RUN]  impulsive@-10dB | tcn | seed=2  (313/325)
         → macro_F1=49.81%  (201s)
  [RUN]  impulsive@-10dB | cnnlstm | seed=2  (314/325)
         → macro_F1=48.36%  (171s)
  [RUN]  impulsive@-10dB | s4d | seed=2  (315/325)
         → macro_F1=49.29%  (292s)
  [RUN]  impulsive@-10dB | bm3_kin | seed=3  (316/325)
         → macro_F1=50.28%  (485s)
  [RUN]  impulsive@-10dB | cnn1d | seed=3  (317/325)
         → macro_F1=47.95%  (175s)
  [RUN]  impulsive@-10dB | tcn | seed=3  (318/325)
         → macro_F1=49.30%  (200s)
  [RUN]  impulsive@-10dB | cnnlstm | seed=3  (319/325)
         → macro_F1=48.22%  (172s)
  [RUN]  impulsive@-10dB | s4d | seed=3  (320/325)
         → macro_F1=49.73%  (258s)
  [RUN]  impulsive@-10dB | bm3_kin | seed=4  (321/325)
         → macro_F1=47.58%  (522s)
  [RUN]  impulsive@-10dB | cnn1d | seed=4  (322/325)
         → macro_F1=47.74%  (180s)
  [RUN]  impulsive@-10dB | tcn | seed=4  (323/325)
         → macro_F1=49.40%  (209s)
  [RUN]  impulsive@-10dB | cnnlstm | seed=4  (324/325)
         → macro_F1=49.40%  (181s)
  [RUN]  impulsive@-10dB | s4d | seed=4  (325/325)
         → macro_F1=48.72%  (262s)
[DONE] cells.jsonl written (325 cells)

[VERDICT] c — CLAIM_FALSIFIED
  clean BM3 vs best-BL: -0.94pp
  BM3 wins non-Gaussian: 0/8
  BM3 wins AWGN:         0/4

[COMPLETE] Results in results/fullgrid_20260627-1731/
