[START] device=cuda  run_dir=results/graft_20260705-224137
[INIT] eval_sha256=6c20b367522c...
[NOISE] Running independent noise verification...
[NOISE] all_pass=True ✓
[GRID] 35 cells total, 0 already done, 35 to run
  [RUN]  clean | s4d_plus_gate | seed=0  (1/35)
         → macro_F1=77.77%  (276s)
  [RUN]  clean | s4d_plus_gate | seed=1  (2/35)
         → macro_F1=82.24%  (256s)
  [RUN]  clean | s4d_plus_gate | seed=2  (3/35)
         → macro_F1=58.37%  (244s)
  [RUN]  clean | s4d_plus_gate | seed=3  (4/35)
         → macro_F1=73.84%  (260s)
  [RUN]  clean | s4d_plus_gate | seed=4  (5/35)
         → macro_F1=70.36%  (254s)
  [RUN]  awgn@+10dB | s4d_plus_gate | seed=0  (6/35)
         → macro_F1=79.04%  (281s)
  [RUN]  awgn@+10dB | s4d_plus_gate | seed=1  (7/35)
         → macro_F1=85.16%  (289s)
  [RUN]  awgn@+10dB | s4d_plus_gate | seed=2  (8/35)
         → macro_F1=66.78%  (293s)
  [RUN]  awgn@+10dB | s4d_plus_gate | seed=3  (9/35)
         → macro_F1=75.51%  (305s)
  [RUN]  awgn@+10dB | s4d_plus_gate | seed=4  (10/35)
         → macro_F1=78.86%  (293s)
  [RUN]  awgn@+6dB | s4d_plus_gate | seed=0  (11/35)
         → macro_F1=81.04%  (292s)
  [RUN]  awgn@+6dB | s4d_plus_gate | seed=1  (12/35)
         → macro_F1=83.57%  (293s)
  [RUN]  awgn@+6dB | s4d_plus_gate | seed=2  (13/35)
         → macro_F1=77.03%  (294s)
  [RUN]  awgn@+6dB | s4d_plus_gate | seed=3  (14/35)
         → macro_F1=75.66%  (297s)
  [RUN]  awgn@+6dB | s4d_plus_gate | seed=4  (15/35)
         → macro_F1=82.27%  (311s)
  [RUN]  awgn@+0dB | s4d_plus_gate | seed=0  (16/35)
         → macro_F1=79.91%  (299s)
  [RUN]  awgn@+0dB | s4d_plus_gate | seed=1  (17/35)
         → macro_F1=79.82%  (300s)
  [RUN]  awgn@+0dB | s4d_plus_gate | seed=2  (18/35)
         → macro_F1=82.52%  (297s)
  [RUN]  awgn@+0dB | s4d_plus_gate | seed=3  (19/35)
         → macro_F1=76.94%  (301s)
  [RUN]  awgn@+0dB | s4d_plus_gate | seed=4  (20/35)
         → macro_F1=79.91%  (301s)
  [RUN]  awgn@-2dB | s4d_plus_gate | seed=0  (21/35)
         → macro_F1=80.12%  (295s)
  [RUN]  awgn@-2dB | s4d_plus_gate | seed=1  (22/35)
         → macro_F1=79.90%  (312s)
  [RUN]  awgn@-2dB | s4d_plus_gate | seed=2  (23/35)
         → macro_F1=81.29%  (299s)
  [RUN]  awgn@-2dB | s4d_plus_gate | seed=3  (24/35)
         → macro_F1=75.35%  (297s)
  [RUN]  awgn@-2dB | s4d_plus_gate | seed=4  (25/35)
         → macro_F1=80.39%  (293s)
  [RUN]  awgn@-6dB | s4d_plus_gate | seed=0  (26/35)
         → macro_F1=67.92%  (294s)
  [RUN]  awgn@-6dB | s4d_plus_gate | seed=1  (27/35)
         → macro_F1=71.43%  (298s)
  [RUN]  awgn@-6dB | s4d_plus_gate | seed=2  (28/35)
         → macro_F1=70.44%  (307s)
  [RUN]  awgn@-6dB | s4d_plus_gate | seed=3  (29/35)
         → macro_F1=68.25%  (297s)
  [RUN]  awgn@-6dB | s4d_plus_gate | seed=4  (30/35)
         → macro_F1=67.80%  (299s)
  [RUN]  awgn@-10dB | s4d_plus_gate | seed=0  (31/35)
         → macro_F1=59.76%  (300s)
  [RUN]  awgn@-10dB | s4d_plus_gate | seed=1  (32/35)
         → macro_F1=60.04%  (297s)
  [RUN]  awgn@-10dB | s4d_plus_gate | seed=2  (33/35)
         → macro_F1=59.99%  (300s)
  [RUN]  awgn@-10dB | s4d_plus_gate | seed=3  (34/35)
         → macro_F1=57.87%  (307s)
  [RUN]  awgn@-10dB | s4d_plus_gate | seed=4  (35/35)
         → macro_F1=58.05%  (297s)
[DONE] cells.jsonl written (35 cells)

[COMPLETE] Results in results/graft_20260705-224137/
