[START] device=cuda  run_dir=results/perclass_20260707-2121
[INIT] eval_sha256=6c20b367522c...
[NOISE] Running independent noise verification...
[NOISE] all_pass=True ✓
[GRID] 75 cells total, 0 already done, 75 to run
  [RUN]  clean | bm3_kin | seed=0  (1/75)
         → macro_F1=71.64%  (225s)
  [RUN]  clean | bm3_frozen | seed=0  (2/75)
         → macro_F1=75.83%  (143s)
  [RUN]  clean | s4d | seed=0  (3/75)
         → macro_F1=77.69%  (82s)
  [RUN]  clean | frozen_nogate | seed=0  (4/75)
         → macro_F1=66.87%  (140s)
  [RUN]  clean | s4d_plus_gate | seed=0  (5/75)
         → macro_F1=77.71%  (108s)
  [RUN]  clean | bm3_kin | seed=1  (6/75)
         → macro_F1=79.72%  (178s)
  [RUN]  clean | bm3_frozen | seed=1  (7/75)
         → macro_F1=71.02%  (141s)
  [RUN]  clean | s4d | seed=1  (8/75)
         → macro_F1=83.88%  (96s)
  [RUN]  clean | frozen_nogate | seed=1  (9/75)
         → macro_F1=67.02%  (154s)
  [RUN]  clean | s4d_plus_gate | seed=1  (10/75)
         → macro_F1=82.24%  (103s)
  [RUN]  clean | bm3_kin | seed=2  (11/75)
         → macro_F1=67.72%  (180s)
  [RUN]  clean | bm3_frozen | seed=2  (12/75)
         → macro_F1=71.51%  (140s)
  [RUN]  clean | s4d | seed=2  (13/75)
         → macro_F1=73.20%  (83s)
  [RUN]  clean | frozen_nogate | seed=2  (14/75)
         → macro_F1=67.81%  (139s)
  [RUN]  clean | s4d_plus_gate | seed=2  (15/75)
         → macro_F1=58.37%  (101s)
  [RUN]  clean | bm3_kin | seed=3  (16/75)
         → macro_F1=93.98%  (185s)
  [RUN]  clean | bm3_frozen | seed=3  (17/75)
         → macro_F1=87.55%  (167s)
  [RUN]  clean | s4d | seed=3  (18/75)
         → macro_F1=81.00%  (84s)
  [RUN]  clean | frozen_nogate | seed=3  (19/75)
         → macro_F1=87.65%  (130s)
  [RUN]  clean | s4d_plus_gate | seed=3  (20/75)
         → macro_F1=73.84%  (101s)
  [RUN]  clean | bm3_kin | seed=4  (21/75)
         → macro_F1=84.06%  (175s)
  [RUN]  clean | bm3_frozen | seed=4  (22/75)
         → macro_F1=89.45%  (137s)
  [RUN]  clean | s4d | seed=4  (23/75)
         → macro_F1=87.91%  (81s)
  [RUN]  clean | frozen_nogate | seed=4  (24/75)
         → macro_F1=58.04%  (128s)
  [RUN]  clean | s4d_plus_gate | seed=4  (25/75)
         → macro_F1=70.04%  (101s)
  [RUN]  awgn@+0dB | bm3_kin | seed=0  (26/75)
         → macro_F1=91.16%  (183s)
  [RUN]  awgn@+0dB | bm3_frozen | seed=0  (27/75)
         → macro_F1=95.67%  (154s)
  [RUN]  awgn@+0dB | s4d | seed=0  (28/75)
         → macro_F1=70.41%  (94s)
  [RUN]  awgn@+0dB | frozen_nogate | seed=0  (29/75)
         → macro_F1=60.54%  (136s)
  [RUN]  awgn@+0dB | s4d_plus_gate | seed=0  (30/75)
         → macro_F1=80.31%  (108s)
  [RUN]  awgn@+0dB | bm3_kin | seed=1  (31/75)
         → macro_F1=90.39%  (182s)
  [RUN]  awgn@+0dB | bm3_frozen | seed=1  (32/75)
         → macro_F1=75.37%  (144s)
  [RUN]  awgn@+0dB | s4d | seed=1  (33/75)
         → macro_F1=78.65%  (89s)
  [RUN]  awgn@+0dB | frozen_nogate | seed=1  (34/75)
         → macro_F1=57.10%  (133s)
  [RUN]  awgn@+0dB | s4d_plus_gate | seed=1  (35/75)
         → macro_F1=76.73%  (106s)
  [RUN]  awgn@+0dB | bm3_kin | seed=2  (36/75)
         → macro_F1=92.23%  (181s)
  [RUN]  awgn@+0dB | bm3_frozen | seed=2  (37/75)
         → macro_F1=80.68%  (188s)
  [RUN]  awgn@+0dB | s4d | seed=2  (38/75)
         → macro_F1=78.49%  (96s)
  [RUN]  awgn@+0dB | frozen_nogate | seed=2  (39/75)
         → macro_F1=59.09%  (136s)
  [RUN]  awgn@+0dB | s4d_plus_gate | seed=2  (40/75)
         → macro_F1=83.11%  (109s)
  [RUN]  awgn@+0dB | bm3_kin | seed=3  (41/75)
         → macro_F1=96.59%  (190s)
  [RUN]  awgn@+0dB | bm3_frozen | seed=3  (42/75)
         → macro_F1=93.27%  (143s)
  [RUN]  awgn@+0dB | s4d | seed=3  (43/75)
         → macro_F1=70.80%  (90s)
  [RUN]  awgn@+0dB | frozen_nogate | seed=3  (44/75)
         → macro_F1=80.13%  (136s)
  [RUN]  awgn@+0dB | s4d_plus_gate | seed=3  (45/75)
         → macro_F1=77.69%  (113s)
  [RUN]  awgn@+0dB | bm3_kin | seed=4  (46/75)
         → macro_F1=96.21%  (189s)
  [RUN]  awgn@+0dB | bm3_frozen | seed=4  (47/75)
         → macro_F1=96.58%  (145s)
  [RUN]  awgn@+0dB | s4d | seed=4  (48/75)
         → macro_F1=82.98%  (90s)
  [RUN]  awgn@+0dB | frozen_nogate | seed=4  (49/75)
         → macro_F1=70.25%  (142s)
  [RUN]  awgn@+0dB | s4d_plus_gate | seed=4  (50/75)
         → macro_F1=77.57%  (110s)
  [RUN]  awgn@-6dB | bm3_kin | seed=0  (51/75)
         → macro_F1=89.46%  (185s)
  [RUN]  awgn@-6dB | bm3_frozen | seed=0  (52/75)
         → macro_F1=91.51%  (154s)
  [RUN]  awgn@-6dB | s4d | seed=0  (53/75)
         → macro_F1=58.05%  (106s)
  [RUN]  awgn@-6dB | frozen_nogate | seed=0  (54/75)
         → macro_F1=55.07%  (152s)
  [RUN]  awgn@-6dB | s4d_plus_gate | seed=0  (55/75)
         → macro_F1=67.94%  (108s)
  [RUN]  awgn@-6dB | bm3_kin | seed=1  (56/75)
         → macro_F1=86.24%  (187s)
  [RUN]  awgn@-6dB | bm3_frozen | seed=1  (57/75)
         → macro_F1=64.09%  (160s)
  [RUN]  awgn@-6dB | s4d | seed=1  (58/75)
         → macro_F1=67.66%  (111s)
  [RUN]  awgn@-6dB | frozen_nogate | seed=1  (59/75)
         → macro_F1=52.68%  (149s)
  [RUN]  awgn@-6dB | s4d_plus_gate | seed=1  (60/75)
         → macro_F1=70.00%  (113s)
  [RUN]  awgn@-6dB | bm3_kin | seed=2  (61/75)
         → macro_F1=85.74%  (197s)
  [RUN]  awgn@-6dB | bm3_frozen | seed=2  (62/75)
         → macro_F1=66.48%  (161s)
  [RUN]  awgn@-6dB | s4d | seed=2  (63/75)
         → macro_F1=67.08%  (109s)
  [RUN]  awgn@-6dB | frozen_nogate | seed=2  (64/75)
         → macro_F1=54.89%  (152s)
  [RUN]  awgn@-6dB | s4d_plus_gate | seed=2  (65/75)
         → macro_F1=70.29%  (121s)
  [RUN]  awgn@-6dB | bm3_kin | seed=3  (66/75)
         → macro_F1=89.51%  (196s)
  [RUN]  awgn@-6dB | bm3_frozen | seed=3  (67/75)
         → macro_F1=89.39%  (162s)
  [RUN]  awgn@-6dB | s4d | seed=3  (68/75)
         → macro_F1=52.43%  (108s)
  [RUN]  awgn@-6dB | frozen_nogate | seed=3  (69/75)
         → macro_F1=61.76%  (149s)
  [RUN]  awgn@-6dB | s4d_plus_gate | seed=3  (70/75)
         → macro_F1=68.23%  (114s)
  [RUN]  awgn@-6dB | bm3_kin | seed=4  (71/75)
         → macro_F1=92.52%  (202s)
  [RUN]  awgn@-6dB | bm3_frozen | seed=4  (72/75)
         → macro_F1=90.08%  (165s)
  [RUN]  awgn@-6dB | s4d | seed=4  (73/75)
         → macro_F1=70.61%  (114s)
  [RUN]  awgn@-6dB | frozen_nogate | seed=4  (74/75)
         → macro_F1=57.35%  (151s)
  [RUN]  awgn@-6dB | s4d_plus_gate | seed=4  (75/75)
         → macro_F1=66.82%  (106s)
[DONE] cells.jsonl written (75 cells)

[COMPLETE] Results in results/perclass_20260707-2121/
