[START] device=cuda  run_dir=results/secondary_20260703-1034
[INIT] eval_sha256=6c20b367522c...
[NOISE] Running independent noise verification...
[NOISE] all_pass=True ✓
[GRID] 175 cells total, 0 already done, 175 to run
  [RUN]  clean | bm3_frozen | seed=0  (1/175)
         → macro_F1=69.68%  (364s)
  [RUN]  clean | frozen_noconv | seed=0  (2/175)
         → macro_F1=98.82%  (286s)
  [RUN]  clean | frozen_nogate | seed=0  (3/175)
         → macro_F1=68.71%  (281s)
  [RUN]  clean | frozen_As4d | seed=0  (4/175)
         → macro_F1=72.04%  (298s)
  [RUN]  clean | s4d | seed=0  (5/175)
         → macro_F1=77.73%  (199s)
  [RUN]  clean | bm3_frozen | seed=1  (6/175)
         → macro_F1=73.24%  (303s)
  [RUN]  clean | frozen_noconv | seed=1  (7/175)
         → macro_F1=99.08%  (298s)
  [RUN]  clean | frozen_nogate | seed=1  (8/175)
         → macro_F1=68.76%  (275s)
  [RUN]  clean | frozen_As4d | seed=1  (9/175)
         → macro_F1=73.33%  (297s)
  [RUN]  clean | s4d | seed=1  (10/175)
         → macro_F1=84.01%  (199s)
  [RUN]  clean | bm3_frozen | seed=2  (11/175)
         → macro_F1=70.98%  (299s)
  [RUN]  clean | frozen_noconv | seed=2  (12/175)
         → macro_F1=98.83%  (288s)
  [RUN]  clean | frozen_nogate | seed=2  (13/175)
         → macro_F1=64.98%  (275s)
  [RUN]  clean | frozen_As4d | seed=2  (14/175)
         → macro_F1=74.31%  (304s)
  [RUN]  clean | s4d | seed=2  (15/175)
         → macro_F1=72.94%  (196s)
  [RUN]  clean | bm3_frozen | seed=3  (16/175)
         → macro_F1=86.06%  (294s)
  [RUN]  clean | frozen_noconv | seed=3  (17/175)
         → macro_F1=99.49%  (290s)
  [RUN]  clean | frozen_nogate | seed=3  (18/175)
         → macro_F1=85.54%  (284s)
  [RUN]  clean | frozen_As4d | seed=3  (19/175)
         → macro_F1=86.62%  (305s)
  [RUN]  clean | s4d | seed=3  (20/175)
         → macro_F1=83.00%  (198s)
  [RUN]  clean | bm3_frozen | seed=4  (21/175)
         → macro_F1=89.15%  (311s)
  [RUN]  clean | frozen_noconv | seed=4  (22/175)
         → macro_F1=97.64%  (288s)
  [RUN]  clean | frozen_nogate | seed=4  (23/175)
         → macro_F1=67.20%  (278s)
  [RUN]  clean | frozen_As4d | seed=4  (24/175)
         → macro_F1=86.62%  (297s)
  [RUN]  clean | s4d | seed=4  (25/175)
         → macro_F1=88.31%  (199s)
  [RUN]  awgn@+10dB | bm3_frozen | seed=0  (26/175)
         → macro_F1=73.50%  (317s)
  [RUN]  awgn@+10dB | frozen_noconv | seed=0  (27/175)
         → macro_F1=99.12%  (314s)
  [RUN]  awgn@+10dB | frozen_nogate | seed=0  (28/175)
         → macro_F1=68.19%  (300s)
  [RUN]  awgn@+10dB | frozen_As4d | seed=0  (29/175)
         → macro_F1=73.25%  (322s)
  [RUN]  awgn@+10dB | s4d | seed=0  (30/175)
         → macro_F1=81.72%  (225s)
  [RUN]  awgn@+10dB | bm3_frozen | seed=1  (31/175)
         → macro_F1=75.27%  (333s)
  [RUN]  awgn@+10dB | frozen_noconv | seed=1  (32/175)
         → macro_F1=99.46%  (310s)
  [RUN]  awgn@+10dB | frozen_nogate | seed=1  (33/175)
         → macro_F1=68.43%  (305s)
  [RUN]  awgn@+10dB | frozen_As4d | seed=1  (34/175)
         → macro_F1=76.97%  (321s)
  [RUN]  awgn@+10dB | s4d | seed=1  (35/175)
         → macro_F1=84.04%  (219s)
  [RUN]  awgn@+10dB | bm3_frozen | seed=2  (36/175)
         → macro_F1=74.81%  (320s)
  [RUN]  awgn@+10dB | frozen_noconv | seed=2  (37/175)
         → macro_F1=98.86%  (309s)
  [RUN]  awgn@+10dB | frozen_nogate | seed=2  (38/175)
         → macro_F1=68.46%  (295s)
  [RUN]  awgn@+10dB | frozen_As4d | seed=2  (39/175)
         → macro_F1=73.36%  (324s)
  [RUN]  awgn@+10dB | s4d | seed=2  (40/175)
         → macro_F1=71.75%  (215s)
  [RUN]  awgn@+10dB | bm3_frozen | seed=3  (41/175)
         → macro_F1=86.61%  (312s)
  [RUN]  awgn@+10dB | frozen_noconv | seed=3  (42/175)
         → macro_F1=99.48%  (302s)
  [RUN]  awgn@+10dB | frozen_nogate | seed=3  (43/175)
         → macro_F1=86.27%  (289s)
  [RUN]  awgn@+10dB | frozen_As4d | seed=3  (44/175)
         → macro_F1=86.92%  (315s)
  [RUN]  awgn@+10dB | s4d | seed=3  (45/175)
         → macro_F1=82.26%  (217s)
  [RUN]  awgn@+10dB | bm3_frozen | seed=4  (46/175)
         → macro_F1=89.62%  (329s)
  [RUN]  awgn@+10dB | frozen_noconv | seed=4  (47/175)
         → macro_F1=97.71%  (307s)
  [RUN]  awgn@+10dB | frozen_nogate | seed=4  (48/175)
         → macro_F1=66.38%  (296s)
  [RUN]  awgn@+10dB | frozen_As4d | seed=4  (49/175)
         → macro_F1=90.46%  (320s)
  [RUN]  awgn@+10dB | s4d | seed=4  (50/175)
         → macro_F1=87.57%  (221s)
  [RUN]  awgn@+6dB | bm3_frozen | seed=0  (51/175)
         → macro_F1=80.89%  (322s)
  [RUN]  awgn@+6dB | frozen_noconv | seed=0  (52/175)
         → macro_F1=99.18%  (318s)
  [RUN]  awgn@+6dB | frozen_nogate | seed=0  (53/175)
         → macro_F1=73.82%  (296s)
  [RUN]  awgn@+6dB | frozen_As4d | seed=0  (54/175)
         → macro_F1=83.64%  (320s)
  [RUN]  awgn@+6dB | s4d | seed=0  (55/175)
         → macro_F1=87.09%  (219s)
  [RUN]  awgn@+6dB | bm3_frozen | seed=1  (56/175)
         → macro_F1=82.01%  (321s)
  [RUN]  awgn@+6dB | frozen_noconv | seed=1  (57/175)
         → macro_F1=99.29%  (312s)
  [RUN]  awgn@+6dB | frozen_nogate | seed=1  (58/175)
         → macro_F1=65.23%  (309s)
  [RUN]  awgn@+6dB | frozen_As4d | seed=1  (59/175)
         → macro_F1=80.28%  (320s)
  [RUN]  awgn@+6dB | s4d | seed=1  (60/175)
         → macro_F1=77.10%  (218s)
  [RUN]  awgn@+6dB | bm3_frozen | seed=2  (61/175)
         → macro_F1=79.46%  (319s)
  [RUN]  awgn@+6dB | frozen_noconv | seed=2  (62/175)
         → macro_F1=99.16%  (307s)
  [RUN]  awgn@+6dB | frozen_nogate | seed=2  (63/175)
         → macro_F1=69.08%  (293s)
  [RUN]  awgn@+6dB | frozen_As4d | seed=2  (64/175)
         → macro_F1=79.79%  (326s)
  [RUN]  awgn@+6dB | s4d | seed=2  (65/175)
         → macro_F1=76.04%  (217s)
  [RUN]  awgn@+6dB | bm3_frozen | seed=3  (66/175)
         → macro_F1=86.38%  (318s)
  [RUN]  awgn@+6dB | frozen_noconv | seed=3  (67/175)
         → macro_F1=99.48%  (307s)
  [RUN]  awgn@+6dB | frozen_nogate | seed=3  (68/175)
         → macro_F1=79.34%  (294s)
  [RUN]  awgn@+6dB | frozen_As4d | seed=3  (69/175)
         → macro_F1=87.10%  (317s)
  [RUN]  awgn@+6dB | s4d | seed=3  (70/175)
         → macro_F1=82.53%  (220s)
  [RUN]  awgn@+6dB | bm3_frozen | seed=4  (71/175)
         → macro_F1=89.54%  (331s)
  [RUN]  awgn@+6dB | frozen_noconv | seed=4  (72/175)
         → macro_F1=97.13%  (308s)
  [RUN]  awgn@+6dB | frozen_nogate | seed=4  (73/175)
         → macro_F1=69.77%  (294s)
  [RUN]  awgn@+6dB | frozen_As4d | seed=4  (74/175)
         → macro_F1=86.39%  (316s)
  [RUN]  awgn@+6dB | s4d | seed=4  (75/175)
         → macro_F1=86.01%  (218s)
  [RUN]  awgn@+0dB | bm3_frozen | seed=0  (76/175)
         → macro_F1=97.31%  (319s)
  [RUN]  awgn@+0dB | frozen_noconv | seed=0  (77/175)
         → macro_F1=97.72%  (316s)
  [RUN]  awgn@+0dB | frozen_nogate | seed=0  (78/175)
         → macro_F1=76.67%  (294s)
  [RUN]  awgn@+0dB | frozen_As4d | seed=0  (79/175)
         → macro_F1=97.74%  (314s)
  [RUN]  awgn@+0dB | s4d | seed=0  (80/175)
         → macro_F1=70.51%  (217s)
  [RUN]  awgn@+0dB | bm3_frozen | seed=1  (81/175)
         → macro_F1=80.12%  (321s)
  [RUN]  awgn@+0dB | frozen_noconv | seed=1  (82/175)
         → macro_F1=98.04%  (308s)
  [RUN]  awgn@+0dB | frozen_nogate | seed=1  (83/175)
         → macro_F1=66.61%  (304s)
  [RUN]  awgn@+0dB | frozen_As4d | seed=1  (84/175)
         → macro_F1=84.54%  (316s)
  [RUN]  awgn@+0dB | s4d | seed=1  (85/175)
         → macro_F1=78.18%  (217s)
  [RUN]  awgn@+0dB | bm3_frozen | seed=2  (86/175)
         → macro_F1=85.59%  (317s)
  [RUN]  awgn@+0dB | frozen_noconv | seed=2  (87/175)
         → macro_F1=97.96%  (306s)
  [RUN]  awgn@+0dB | frozen_nogate | seed=2  (88/175)
         → macro_F1=70.91%  (297s)
  [RUN]  awgn@+0dB | frozen_As4d | seed=2  (89/175)
         → macro_F1=94.24%  (327s)
  [RUN]  awgn@+0dB | s4d | seed=2  (90/175)
         → macro_F1=77.62%  (218s)
  [RUN]  awgn@+0dB | bm3_frozen | seed=3  (91/175)
         → macro_F1=95.03%  (319s)
  [RUN]  awgn@+0dB | frozen_noconv | seed=3  (92/175)
         → macro_F1=96.90%  (305s)
  [RUN]  awgn@+0dB | frozen_nogate | seed=3  (93/175)
         → macro_F1=87.89%  (293s)
  [RUN]  awgn@+0dB | frozen_As4d | seed=3  (94/175)
         → macro_F1=94.42%  (314s)
  [RUN]  awgn@+0dB | s4d | seed=3  (95/175)
         → macro_F1=71.95%  (219s)
  [RUN]  awgn@+0dB | bm3_frozen | seed=4  (96/175)
         → macro_F1=95.15%  (328s)
  [RUN]  awgn@+0dB | frozen_noconv | seed=4  (97/175)
         → macro_F1=95.41%  (308s)
  [RUN]  awgn@+0dB | frozen_nogate | seed=4  (98/175)
         → macro_F1=85.89%  (294s)
  [RUN]  awgn@+0dB | frozen_As4d | seed=4  (99/175)
         → macro_F1=94.34%  (315s)
  [RUN]  awgn@+0dB | s4d | seed=4  (100/175)
         → macro_F1=82.96%  (217s)
  [RUN]  awgn@-2dB | bm3_frozen | seed=0  (101/175)
         → macro_F1=97.14%  (315s)
  [RUN]  awgn@-2dB | frozen_noconv | seed=0  (102/175)
         → macro_F1=96.18%  (313s)
  [RUN]  awgn@-2dB | frozen_nogate | seed=0  (103/175)
         → macro_F1=60.33%  (297s)
  [RUN]  awgn@-2dB | frozen_As4d | seed=0  (104/175)
         → macro_F1=97.80%  (319s)
  [RUN]  awgn@-2dB | s4d | seed=0  (105/175)
         → macro_F1=74.33%  (218s)
  [RUN]  awgn@-2dB | bm3_frozen | seed=1  (106/175)
         → macro_F1=88.17%  (319s)
  [RUN]  awgn@-2dB | frozen_noconv | seed=1  (107/175)
         → macro_F1=96.00%  (306s)
  [RUN]  awgn@-2dB | frozen_nogate | seed=1  (108/175)
         → macro_F1=58.20%  (300s)
  [RUN]  awgn@-2dB | frozen_As4d | seed=1  (109/175)
         → macro_F1=92.14%  (314s)
  [RUN]  awgn@-2dB | s4d | seed=1  (110/175)
         → macro_F1=77.54%  (217s)
  [RUN]  awgn@-2dB | bm3_frozen | seed=2  (111/175)
         → macro_F1=86.44%  (319s)
  [RUN]  awgn@-2dB | frozen_noconv | seed=2  (112/175)
         → macro_F1=96.08%  (305s)
  [RUN]  awgn@-2dB | frozen_nogate | seed=2  (113/175)
         → macro_F1=60.72%  (293s)
  [RUN]  awgn@-2dB | frozen_As4d | seed=2  (114/175)
         → macro_F1=92.86%  (322s)
  [RUN]  awgn@-2dB | s4d | seed=2  (115/175)
         → macro_F1=76.66%  (216s)
  [RUN]  awgn@-2dB | bm3_frozen | seed=3  (116/175)
         → macro_F1=95.68%  (317s)
  [RUN]  awgn@-2dB | frozen_noconv | seed=3  (117/175)
         → macro_F1=94.96%  (306s)
  [RUN]  awgn@-2dB | frozen_nogate | seed=3  (118/175)
         → macro_F1=86.98%  (294s)
  [RUN]  awgn@-2dB | frozen_As4d | seed=3  (119/175)
         → macro_F1=97.21%  (315s)
  [RUN]  awgn@-2dB | s4d | seed=3  (120/175)
         → macro_F1=68.09%  (218s)
  [RUN]  awgn@-2dB | bm3_frozen | seed=4  (121/175)
         → macro_F1=96.73%  (322s)
  [RUN]  awgn@-2dB | frozen_noconv | seed=4  (122/175)
         → macro_F1=94.25%  (303s)
  [RUN]  awgn@-2dB | frozen_nogate | seed=4  (123/175)
         → macro_F1=92.39%  (292s)
  [RUN]  awgn@-2dB | frozen_As4d | seed=4  (124/175)
         → macro_F1=95.21%  (316s)
  [RUN]  awgn@-2dB | s4d | seed=4  (125/175)
         → macro_F1=79.32%  (217s)
  [RUN]  awgn@-6dB | bm3_frozen | seed=0  (126/175)
         → macro_F1=91.56%  (322s)
  [RUN]  awgn@-6dB | frozen_noconv | seed=0  (127/175)
         → macro_F1=82.81%  (320s)
  [RUN]  awgn@-6dB | frozen_nogate | seed=0  (128/175)
         → macro_F1=59.57%  (302s)
  [RUN]  awgn@-6dB | frozen_As4d | seed=0  (129/175)
         → macro_F1=92.48%  (324s)
  [RUN]  awgn@-6dB | s4d | seed=0  (130/175)
         → macro_F1=69.61%  (221s)
  [RUN]  awgn@-6dB | bm3_frozen | seed=1  (131/175)
         → macro_F1=67.44%  (319s)
  [RUN]  awgn@-6dB | frozen_noconv | seed=1  (132/175)
         → macro_F1=71.19%  (306s)
  [RUN]  awgn@-6dB | frozen_nogate | seed=1  (133/175)
         → macro_F1=52.07%  (427s)
  [RUN]  awgn@-6dB | frozen_As4d | seed=1  (134/175)
         → macro_F1=87.79%  (325s)
  [RUN]  awgn@-6dB | s4d | seed=1  (135/175)
         → macro_F1=68.79%  (227s)
  [RUN]  awgn@-6dB | bm3_frozen | seed=2  (136/175)
         → macro_F1=88.38%  (331s)
  [RUN]  awgn@-6dB | frozen_noconv | seed=2  (137/175)
         → macro_F1=70.35%  (316s)
  [RUN]  awgn@-6dB | frozen_nogate | seed=2  (138/175)
         → macro_F1=55.41%  (296s)
  [RUN]  awgn@-6dB | frozen_As4d | seed=2  (139/175)
         → macro_F1=87.48%  (347s)
  [RUN]  awgn@-6dB | s4d | seed=2  (140/175)
         → macro_F1=69.57%  (235s)
  [RUN]  awgn@-6dB | bm3_frozen | seed=3  (141/175)
         → macro_F1=91.68%  (332s)
  [RUN]  awgn@-6dB | frozen_noconv | seed=3  (142/175)
         → macro_F1=80.41%  (319s)
  [RUN]  awgn@-6dB | frozen_nogate | seed=3  (143/175)
         → macro_F1=60.49%  (307s)
  [RUN]  awgn@-6dB | frozen_As4d | seed=3  (144/175)
         → macro_F1=91.13%  (335s)
  [RUN]  awgn@-6dB | s4d | seed=3  (145/175)
         → macro_F1=65.34%  (235s)
  [RUN]  awgn@-6dB | bm3_frozen | seed=4  (146/175)
         → macro_F1=90.91%  (328s)
  [RUN]  awgn@-6dB | frozen_noconv | seed=4  (147/175)
         → macro_F1=85.64%  (320s)
  [RUN]  awgn@-6dB | frozen_nogate | seed=4  (148/175)
         → macro_F1=84.78%  (302s)
  [RUN]  awgn@-6dB | frozen_As4d | seed=4  (149/175)
         → macro_F1=91.84%  (323s)
  [RUN]  awgn@-6dB | s4d | seed=4  (150/175)
         → macro_F1=69.50%  (218s)
  [RUN]  awgn@-10dB | bm3_frozen | seed=0  (151/175)
         → macro_F1=69.36%  (435s)
  [RUN]  awgn@-10dB | frozen_noconv | seed=0  (152/175)
         → macro_F1=51.20%  (572s)
  [RUN]  awgn@-10dB | frozen_nogate | seed=0  (153/175)
         → macro_F1=51.50%  (578s)
  [RUN]  awgn@-10dB | frozen_As4d | seed=0  (154/175)
         → macro_F1=72.52%  (691s)
  [RUN]  awgn@-10dB | s4d | seed=0  (155/175)
         → macro_F1=49.85%  (453s)
  [RUN]  awgn@-10dB | bm3_frozen | seed=1  (156/175)
         → macro_F1=56.52%  (672s)
  [RUN]  awgn@-10dB | frozen_noconv | seed=1  (157/175)
         → macro_F1=51.61%  (665s)
  [RUN]  awgn@-10dB | frozen_nogate | seed=1  (158/175)
         → macro_F1=50.68%  (630s)
  [RUN]  awgn@-10dB | frozen_As4d | seed=1  (159/175)
         → macro_F1=57.51%  (720s)
  [RUN]  awgn@-10dB | s4d | seed=1  (160/175)
         → macro_F1=49.58%  (516s)
  [RUN]  awgn@-10dB | bm3_frozen | seed=2  (161/175)
         → macro_F1=58.79%  (704s)
  [RUN]  awgn@-10dB | frozen_noconv | seed=2  (162/175)
         → macro_F1=52.07%  (655s)
  [RUN]  awgn@-10dB | frozen_nogate | seed=2  (163/175)
         → macro_F1=51.72%  (658s)
  [RUN]  awgn@-10dB | frozen_As4d | seed=2  (164/175)
         → macro_F1=58.84%  (712s)
  [RUN]  awgn@-10dB | s4d | seed=2  (165/175)
         → macro_F1=50.86%  (505s)
  [RUN]  awgn@-10dB | bm3_frozen | seed=3  (166/175)
         → macro_F1=65.80%  (731s)
  [RUN]  awgn@-10dB | frozen_noconv | seed=3  (167/175)
         → macro_F1=53.15%  (660s)
  [RUN]  awgn@-10dB | frozen_nogate | seed=3  (168/175)
         → macro_F1=52.78%  (651s)
  [RUN]  awgn@-10dB | frozen_As4d | seed=3  (169/175)
         → macro_F1=68.53%  (687s)
  [RUN]  awgn@-10dB | s4d | seed=3  (170/175)
         → macro_F1=51.47%  (492s)
  [RUN]  awgn@-10dB | bm3_frozen | seed=4  (171/175)
         → macro_F1=72.69%  (730s)
  [RUN]  awgn@-10dB | frozen_noconv | seed=4  (172/175)
         → macro_F1=54.86%  (662s)
  [RUN]  awgn@-10dB | frozen_nogate | seed=4  (173/175)
         → macro_F1=53.13%  (652s)
  [RUN]  awgn@-10dB | frozen_As4d | seed=4  (174/175)
         → macro_F1=73.86%  (722s)
  [RUN]  awgn@-10dB | s4d | seed=4  (175/175)
         → macro_F1=59.92%  (492s)
[DONE] cells.jsonl written (175 cells)

[COMPLETE] Results in results/secondary_20260703-1034/
