[LAUNCH-SMOKE] 2026-10-08 15:51:43 prereg sha 502a2a69e443 remote d1b7337 GPU: 0 %, 0 MiB
[INIT] PU N15_M07_F10 -> N09_M07_F10  GPU free 15249/16384 MiB  stage-6 GPU-h so far 0.00
[INIT] eval_sha 53d565d9520a content 3a40737977fb 54402e68f661
[RUN] clean s4d seed=99 (1/6)
      oracle=60.14 (ep10) final=56.98 160s
[RUN] clean bm3_frozen seed=99 (2/6)
      oracle=60.48 (ep33) final=60.33 268s
[RUN] awgn@+0dB s4d seed=99 (3/6)
      oracle=59.16 (ep12) final=56.31 182s
[RUN] awgn@+0dB bm3_frozen seed=99 (4/6)
      oracle=56.00 (ep26) final=55.64 254s
[RUN] awgn@-6dB s4d seed=99 (5/6)
      oracle=52.50 (ep48) final=52.47 185s
[RUN] awgn@-6dB bm3_frozen seed=99 (6/6)
      oracle=52.05 (ep13) final=48.35 254s
[DONE]
[SMOKE-DECISION] 2026-10-08 16:13:31 PROCEED {('s4d', 'clean'): 57.0, ('bm3_frozen', 'clean'): 60.3, ('s4d', 'awgn@+0dB'): 56.3, ('bm3_frozen', 'awgn@+0dB'): 55.6, ('s4d', 'awgn@-6dB'): 52.5, ('bm3_frozen', 'awgn@-6dB'): 48.4} {'learnable': True, 'not_floor': True, 'not_ceiling': True}
[LAUNCH-GRID] 2026-10-08 16:13:31
[INIT] PU N15_M07_F10 -> N09_M07_F10  GPU free 15249/16384 MiB  stage-6 GPU-h so far 0.36
[INIT] eval_sha 53d565d9520a content 3a40737977fb 54402e68f661
[RUN] awgn@+0dB bm3_frozen seed=0 (1/75)
      oracle=55.85 (ep4) final=52.52 283s
[RUN] awgn@+0dB frozen_clti seed=0 (2/75)
      oracle=57.75 (ep1) final=53.53 246s
[RUN] awgn@+0dB s4d seed=0 (3/75)
      oracle=54.84 (ep23) final=54.19 180s
[RUN] awgn@+0dB frozen_nogate seed=0 (4/75)
      oracle=58.07 (ep2) final=56.07 247s
[RUN] awgn@+0dB bm3_frozen_add seed=0 (5/75)
      oracle=58.30 (ep20) final=56.06 277s
[RUN] awgn@-2dB bm3_frozen seed=0 (6/75)
      oracle=54.06 (ep14) final=50.98 253s
[RUN] awgn@-2dB frozen_clti seed=0 (7/75)
      oracle=54.75 (ep1) final=48.42 246s
[RUN] awgn@-2dB s4d seed=0 (8/75)
      oracle=50.92 (ep8) final=49.53 181s
[RUN] awgn@-2dB frozen_nogate seed=0 (9/75)
      oracle=56.60 (ep14) final=53.87 239s
[RUN] awgn@-2dB bm3_frozen_add seed=0 (10/75)
      oracle=56.32 (ep6) final=53.95 275s
[RUN] awgn@-6dB bm3_frozen seed=0 (11/75)
      oracle=52.05 (ep10) final=48.13 256s
[RUN] awgn@-6dB frozen_clti seed=0 (12/75)
      oracle=51.99 (ep3) final=44.07 250s
[RUN] awgn@-6dB s4d seed=0 (13/75)
      oracle=50.33 (ep32) final=49.88 188s
[RUN] awgn@-6dB frozen_nogate seed=0 (14/75)
      oracle=52.63 (ep12) final=50.67 241s
[RUN] awgn@-6dB bm3_frozen_add seed=0 (15/75)
      oracle=53.02 (ep12) final=50.50 278s
[RUN] awgn@+0dB bm3_frozen seed=1 (16/75)
      oracle=59.72 (ep1) final=56.81 259s
[RUN] awgn@+0dB frozen_clti seed=1 (17/75)
      oracle=55.51 (ep7) final=55.28 249s
[RUN] awgn@+0dB s4d seed=1 (18/75)
      oracle=54.69 (ep29) final=53.54 184s
[RUN] awgn@+0dB frozen_nogate seed=1 (19/75)
      oracle=59.83 (ep23) final=59.81 239s
[RUN] awgn@+0dB bm3_frozen_add seed=1 (20/75)
      oracle=59.34 (ep27) final=59.04 282s
[RUN] awgn@-2dB bm3_frozen seed=1 (21/75)
      oracle=56.97 (ep2) final=55.17 253s
[RUN] awgn@-2dB frozen_clti seed=1 (22/75)
      oracle=54.21 (ep7) final=52.96 245s
[RUN] awgn@-2dB s4d seed=1 (23/75)
      oracle=53.67 (ep29) final=52.42 180s
[RUN] awgn@-2dB frozen_nogate seed=1 (24/75)
      oracle=58.59 (ep21) final=58.24 237s
[RUN] awgn@-2dB bm3_frozen_add seed=1 (25/75)
      oracle=58.49 (ep23) final=58.03 276s
[RUN] awgn@-6dB bm3_frozen seed=1 (26/75)
      oracle=53.31 (ep2) final=51.08 256s
[RUN] awgn@-6dB frozen_clti seed=1 (27/75)
      oracle=51.17 (ep8) final=49.58 253s
[RUN] awgn@-6dB s4d seed=1 (28/75)
      oracle=51.18 (ep36) final=51.06 189s
[RUN] awgn@-6dB frozen_nogate seed=1 (29/75)
      oracle=54.12 (ep26) final=53.23 237s
[RUN] awgn@-6dB bm3_frozen_add seed=1 (30/75)
      oracle=54.35 (ep22) final=53.59 275s
[RUN] awgn@+0dB bm3_frozen seed=2 (31/75)
      oracle=54.66 (ep11) final=51.63 254s
[RUN] awgn@+0dB frozen_clti seed=2 (32/75)
      oracle=55.81 (ep2) final=53.84 244s
[RUN] awgn@+0dB s4d seed=2 (33/75)
      oracle=57.53 (ep42) final=57.05 181s
[RUN] awgn@+0dB frozen_nogate seed=2 (34/75)
      oracle=58.89 (ep15) final=55.76 237s
[RUN] awgn@+0dB bm3_frozen_add seed=2 (35/75)
      oracle=59.13 (ep18) final=56.82 277s
[RUN] awgn@-2dB bm3_frozen seed=2 (36/75)
      oracle=53.96 (ep14) final=51.18 259s
[RUN] awgn@-2dB frozen_clti seed=2 (37/75)
      oracle=55.15 (ep1) final=51.41 249s
[RUN] awgn@-2dB s4d seed=2 (38/75)
      oracle=56.27 (ep42) final=56.08 182s
[RUN] awgn@-2dB frozen_nogate seed=2 (39/75)
      oracle=56.27 (ep9) final=52.88 239s
[RUN] awgn@-2dB bm3_frozen_add seed=2 (40/75)
      oracle=56.91 (ep8) final=53.01 277s
[RUN] awgn@-6dB bm3_frozen seed=2 (41/75)
      oracle=50.89 (ep22) final=49.49 256s
[RUN] awgn@-6dB frozen_clti seed=2 (42/75)
      oracle=50.81 (ep9) final=47.38 245s
[RUN] awgn@-6dB s4d seed=2 (43/75)
      oracle=53.34 (ep11) final=52.55 181s
[RUN] awgn@-6dB frozen_nogate seed=2 (44/75)
      oracle=50.96 (ep14) final=49.52 243s
[RUN] awgn@-6dB bm3_frozen_add seed=2 (45/75)
      oracle=52.16 (ep7) final=49.36 274s
[RUN] awgn@+0dB bm3_frozen seed=3 (46/75)
      oracle=55.14 (ep36) final=54.72 260s
[RUN] awgn@+0dB frozen_clti seed=3 (47/75)
      oracle=54.73 (ep4) final=54.08 251s
[RUN] awgn@+0dB s4d seed=3 (48/75)
      oracle=57.86 (ep25) final=55.74 181s
[RUN] awgn@+0dB frozen_nogate seed=3 (49/75)
      oracle=58.80 (ep42) final=58.75 240s
[RUN] awgn@+0dB bm3_frozen_add seed=3 (50/75)
      oracle=58.92 (ep38) final=58.75 289s
[RUN] awgn@-2dB bm3_frozen seed=3 (51/75)
      oracle=54.20 (ep12) final=53.43 259s
[RUN] awgn@-2dB frozen_clti seed=3 (52/75)
      oracle=54.00 (ep7) final=52.19 260s
[RUN] awgn@-2dB s4d seed=3 (53/75)
      oracle=56.23 (ep25) final=55.18 186s
[RUN] awgn@-2dB frozen_nogate seed=3 (54/75)
      oracle=57.64 (ep43) final=57.55 242s
[RUN] awgn@-2dB bm3_frozen_add seed=3 (55/75)
      oracle=57.27 (ep38) final=57.11 287s
[RUN] awgn@-6dB bm3_frozen seed=3 (56/75)
      oracle=52.16 (ep8) final=49.40 258s
[RUN] awgn@-6dB frozen_clti seed=3 (57/75)
      oracle=50.75 (ep20) final=48.68 257s
[RUN] awgn@-6dB s4d seed=3 (58/75)
      oracle=50.73 (ep46) final=50.56 193s
[RUN] awgn@-6dB frozen_nogate seed=3 (59/75)
      oracle=53.28 (ep12) final=53.16 238s
[RUN] awgn@-6dB bm3_frozen_add seed=3 (60/75)
      oracle=53.83 (ep18) final=52.90 284s
[RUN] awgn@+0dB bm3_frozen seed=4 (61/75)
      oracle=50.00 (ep4) final=43.67 254s
[RUN] awgn@+0dB frozen_clti seed=4 (62/75)
      oracle=56.90 (ep2) final=54.33 245s
[RUN] awgn@+0dB s4d seed=4 (63/75)
      oracle=60.17 (ep16) final=57.71 181s
[RUN] awgn@+0dB frozen_nogate seed=4 (64/75)
      oracle=54.09 (ep20) final=54.05 239s
[RUN] awgn@+0dB bm3_frozen_add seed=4 (65/75)
      oracle=54.27 (ep10) final=53.59 277s
[RUN] awgn@-2dB bm3_frozen seed=4 (66/75)
      oracle=48.52 (ep2) final=40.77 261s
[RUN] awgn@-2dB frozen_clti seed=4 (67/75)
      oracle=54.76 (ep3) final=51.77 247s
[RUN] awgn@-2dB s4d seed=4 (68/75)
      oracle=58.24 (ep12) final=56.16 187s
[RUN] awgn@-2dB frozen_nogate seed=4 (69/75)
      oracle=53.37 (ep9) final=51.83 240s
[RUN] awgn@-2dB bm3_frozen_add seed=4 (70/75)
      oracle=53.49 (ep19) final=52.05 278s
[RUN] awgn@-6dB bm3_frozen seed=4 (71/75)
      oracle=49.19 (ep6) final=40.55 253s
[RUN] awgn@-6dB frozen_clti seed=4 (72/75)
      oracle=52.21 (ep3) final=49.53 244s
[RUN] awgn@-6dB s4d seed=4 (73/75)
      oracle=51.75 (ep24) final=51.64 181s
[RUN] awgn@-6dB frozen_nogate seed=4 (74/75)
      oracle=51.08 (ep22) final=48.73 238s
[RUN] awgn@-6dB bm3_frozen_add seed=4 (75/75)
      oracle=51.30 (ep19) final=48.68 276s
[DONE]
[ALLDONE] 2026-10-08 21:15:58
